Component: ARM Compiler 5.06 update 4 (build 422) Tool: armlink [4d35d2]

==============================================================================

Section Cross References

    main.o(.text) refers to delay.o(.text) for delay_init
    main.o(.text) refers to misc.o(.text) for NVIC_PriorityGroupConfig
    main.o(.text) refers to usart.o(.text) for uart_init
    main.o(.text) refers to timer.o(.text) for TIM3_Int_Init
    main.o(.text) refers to led.o(.text) for LED_Init
    main.o(.text) refers to beep.o(.text) for BEEP_Init
    main.o(.text) refers to relay.o(.text) for RELAY_Init
    main.o(.text) refers to rc522_config.o(.text) for RC522_Init
    main.o(.text) refers to 24cxx.o(.text) for AT24CXX_Init
    main.o(.text) refers to 24cxx_2.o(.text) for AT24CXX_2_Init
    main.o(.text) refers to ds1302.o(.text) for DS1302_Init
    main.o(.text) refers to w25qxx.o(.text) for SPI_Flash_Init
    main.o(.text) refers to rs485.o(.text) for RS485_Init
    main.o(.text) refers to wg1.o(.text) for EXTIX_Init_WG1
    main.o(.text) refers to wg2.o(.text) for EXTIX_Init_WG2
    main.o(.text) refers to w5500_config.o(.text) for W5500_SYSTEM_Init
    main.o(.text) refers to sysrest.o(.text) for SYSREST_KEY_Init
    main.o(.text) refers to ec20.o(.text) for EC20_REST_Init
    main.o(.text) refers to tm1650.o(.text) for TM16_INIT
    main.o(.text) refers to speak.o(.text) for SPEAK_USART_TX_init
    main.o(.text) refers to lcd_dis.o(.text) for LCD_Config
    main.o(.text) refers to rj45cmd.o(.text) for InitTcpClient
    main.o(.text) refers to sysvar.o(.text) for InitOutput
    main.o(.text) refers to syscomm.o(.text) for InitSysvar
    main.o(.text) refers to record.o(.text) for InitRecord
    main.o(.text) refers to mach.o(.text) for InitMachno
    main.o(.text) refers to pass.o(.text) for InitPassword
    main.o(.text) refers to name.o(.text) for InitName
    main.o(.text) refers to default.o(.text) for Initnewdate_addr
    main.o(.text) refers to comcmd.o(.text) for InitCombuff
    main.o(.text) refers to interval.o(.text) for InitTime_Interval_Detection
    main.o(.text) refers to heartbeat.o(.text) for Init_Heartbeat
    main.o(.text) refers to ec20fun.o(.text) for Init_EC20_Remote_IP
    main.o(.text) refers to volume.o(.text) for InitVolume
    main.o(.text) refers to consum_config.o(.text) for InitFixed_consumption_Money
    main.o(.text) refers to system_stm32f10x.o(.text) for SystemInit
    main.o(.text) refers to wdg.o(.text) for IWDG_Init
    main.o(.text) refers to menu.o(.text) for fun5
    main.o(.text) refers to iap_updata.o(.text) for Clear_IAP_OK_System_Boot
    main.o(.text) refers to wisdom_plate.o(.text) for Process_Wisdom_plate
    main.o(.text) refers to upload.o(.text) for ProcessReal_time_upload
    main.o(.text) refers to sysvar.o(.data) for output_time
    main.o(.text) refers to heartbeat.o(.data) for kt_beat_info
    system_stm32f10x.o(.text) refers to system_stm32f10x.o(.data) for SystemCoreClock
    led.o(.text) refers to stm32f10x_rcc.o(.text) for RCC_APB2PeriphClockCmd
    led.o(.text) refers to stm32f10x_gpio.o(.text) for GPIO_Init
    key.o(.text) refers to stm32f10x_rcc.o(.text) for RCC_APB2PeriphClockCmd
    key.o(.text) refers to stm32f10x_gpio.o(.text) for GPIO_Init
    key.o(.text) refers to key.o(.data) for count
    beep.o(.text) refers to stm32f10x_rcc.o(.text) for RCC_APB2PeriphClockCmd
    beep.o(.text) refers to stm32f10x_gpio.o(.text) for GPIO_Init
    timer.o(.text) refers to stm32f10x_rcc.o(.text) for RCC_APB1PeriphClockCmd
    timer.o(.text) refers to stm32f10x_tim.o(.text) for TIM_TimeBaseInit
    timer.o(.text) refers to misc.o(.text) for NVIC_Init
    timer.o(.text) refers to sysvar.o(.data) for showStandby
    timer.o(.text) refers to cardprocess.o(.data) for idcycleflag
    timer.o(.text) refers to ec20.o(.data) for g_u16OverTimeCnt
    timer.o(.text) refers to upload.o(.data) for upOverTimeCnt
    timer.o(.text) refers to timer.o(.data) for timerdelay
    timer.o(.text) refers to heartbeat.o(.data) for kt_beat_info
    timer.o(.text) refers to usart.o(.data) for u1_RxTimeout
    myiic.o(.text) refers to stm32f10x_rcc.o(.text) for RCC_APB2PeriphClockCmd
    myiic.o(.text) refers to stm32f10x_gpio.o(.text) for GPIO_Init
    myiic.o(.text) refers to delay.o(.text) for delay_us
    relay.o(.text) refers to stm32f10x_rcc.o(.text) for RCC_APB2PeriphClockCmd
    relay.o(.text) refers to stm32f10x_gpio.o(.text) for GPIO_Init
    w25qxx.o(.text) refers to spi.o(.text) for SPI1_ReadWriteByte
    w25qxx.o(.text) refers to stm32f10x_rcc.o(.text) for RCC_APB2PeriphClockCmd
    w25qxx.o(.text) refers to stm32f10x_gpio.o(.text) for GPIO_Init
    w25qxx.o(.text) refers to delay.o(.text) for delay_us
    w25qxx.o(.text) refers to w25qxx.o(.bss) for SPI_FLASH_BUF
    spi.o(.text) refers to stm32f10x_spi.o(.text) for SPI_I2S_GetFlagStatus
    spi.o(.text) refers to stm32f10x_rcc.o(.text) for RCC_APB2PeriphClockCmd
    spi.o(.text) refers to stm32f10x_gpio.o(.text) for GPIO_Init
[...]
    Set_Machine_Category                     0x0800db81   Thumb Code    30  comcmd.o(.text)
    Get_Machine_Category                     0x0800db9f   Thumb Code    12  comcmd.o(.text)
    Set_Fixed_consumption_Timer              0x0800dbab   Thumb Code    30  comcmd.o(.text)
    Get_Fixed_consumption_Timer              0x0800dbc9   Thumb Code    12  comcmd.o(.text)
    Set_Fixed_consumption_Money              0x0800dbd5   Thumb Code    30  comcmd.o(.text)
    Get_Fixed_consumption_Money              0x0800dbf3   Thumb Code    12  comcmd.o(.text)
    Set_Carte_Consum_Money                   0x0800dbff   Thumb Code    30  comcmd.o(.text)
    Get_Carte_Consum_Money                   0x0800dc1d   Thumb Code    12  comcmd.o(.text)
    Query_Balance_Return                     0x0800dc29   Thumb Code   366  comcmd.o(.text)
    Get_Total_Consumption                    0x0800dd97   Thumb Code    12  comcmd.o(.text)
    Set_Clean_Total_Consumption              0x0800dda3   Thumb Code    38  comcmd.o(.text)
    Get_GPS_Information                      0x0800ddc9   Thumb Code    14  comcmd.o(.text)
    AutoUP_GPS_Information                   0x0800ddd7   Thumb Code   274  comcmd.o(.text)
    Get_IMEI_IMSI_Machno                     0x0800dee9   Thumb Code    54  comcmd.o(.text)
    Set_IAP_Start_Update                     0x0800df1f   Thumb Code    46  comcmd.o(.text)
    Set_Handle_IAP_Data                      0x0800df4d   Thumb Code    56  comcmd.o(.text)
    Set_Check_IAP_END_Updata                 0x0800df85   Thumb Code    60  comcmd.o(.text)
    Get_IAP_Read_Data                        0x0800dfc1   Thumb Code   276  comcmd.o(.text)
    Set_IAP_Updata_OK                        0x0800e0d5   Thumb Code    22  comcmd.o(.text)
    InitCombuff                              0x0800e0eb   Thumb Code    24  comcmd.o(.text)
    Process_com_data                         0x0800e103   Thumb Code   992  comcmd.o(.text)
    ProcessRS485                             0x0800e4e3   Thumb Code   158  comcmd.o(.text)
    SaveGroupCount                           0x0800e5a1   Thumb Code    40  name.o(.text)
    GetGroupCount                            0x0800e5c9   Thumb Code    34  name.o(.text)
    SaveCommCount                            0x0800e5eb   Thumb Code    32  name.o(.text)
    GetCommCount                             0x0800e60b   Thumb Code    28  name.o(.text)
    GetGroupAddress                          0x0800e627   Thumb Code    14  name.o(.text)
    InitName                                 0x0800e635   Thumb Code    12  name.o(.text)
    MakeGroup                                0x0800e641   Thumb Code    68  name.o(.text)
    FindCardno                               0x0800e685   Thumb Code   160  name.o(.text)
    AddCardno                                0x0800e725   Thumb Code   106  name.o(.text)
    CommFindCardno                           0x0800e78f   Thumb Code   134  name.o(.text)
    DelCardno                                0x0800e815   Thumb Code   214  name.o(.text)
    DelAllCardno                             0x0800e8eb   Thumb Code    46  name.o(.text)
    DelOneCardno                             0x0800e919   Thumb Code    36  name.o(.text)
    AddOneCardno                             0x0800e93d   Thumb Code    46  name.o(.text)
    ProcessCard                              0x0800e995   Thumb Code   130  cardprocess.o(.text)
    ReadSectionData                          0x0800ea17   Thumb Code   178  cardprocess.o(.text)
    FindICCard                               0x0800eac9   Thumb Code   116  cardprocess.o(.text)
    CheckCard                                0x0800eb3d   Thumb Code    80  cardprocess.o(.text)
    WP_CheckCard                             0x0800eb8d   Thumb Code   112  cardprocess.o(.text)
    Check_Card_Limit                         0x0800ebfd   Thumb Code   108  cardprocess.o(.text)
    WP_ProcessCard                           0x0800ec69   Thumb Code   252  cardprocess.o(.text)
    ProcessSettingByCard                     0x0800ed65   Thumb Code     2  cardprocess.o(.text)
    InitPassword                             0x0800edf9   Thumb Code    38  pass.o(.text)
    SetPassword                              0x0800ee1f   Thumb Code    58  pass.o(.text)
    GetPassword                              0x0800ee59   Thumb Code    16  pass.o(.text)
    GetIsectiond                             0x0800ee69   Thumb Code    16  pass.o(.text)
    LoadnEC20DefaultValue                    0x0800ee81   Thumb Code    30  default.o(.text)
    LoadDefaultValue                         0x0800ee9f   Thumb Code    16  default.o(.text)
    LoadnNetDefaultValue                     0x0800eeaf   Thumb Code    52  default.o(.text)
    Initnewdate_addr                         0x0800eee3   Thumb Code    32  default.o(.text)
    InitRecord                               0x0800ef31   Thumb Code    46  record.o(.text)
    SaveRecordCount                          0x0800ef5f   Thumb Code    40  record.o(.text)
    InitActual_CardCount                     0x0800ef87   Thumb Code    26  record.o(.text)
    InitOperation_CommCount                  0x0800efa1   Thumb Code    26  record.o(.text)
    InitErr_CardCount                        0x0800efbb   Thumb Code    26  record.o(.text)
    SaveActual_CardCount                     0x0800efd5   Thumb Code    32  record.o(.text)
    SaveErr_CardCount                        0x0800eff5   Thumb Code    32  record.o(.text)
    SaveOperation_CommCount                  0x0800f015   Thumb Code    32  record.o(.text)
    SaveRecordcount_Err                      0x0800f035   Thumb Code    36  record.o(.text)
    InitRecordcount_Err                      0x0800f059   Thumb Code    58  record.o(.text)
    DelRecord                                0x0800f093   Thumb Code    98  record.o(.text)
    Init_UpdataRecord                        0x0800f0f5   Thumb Code    26  record.o(.text)
    Save_UpdataRecordCount                   0x0800f10f   Thumb Code    22  record.o(.text)
    Del_UpdataRecord                         0x0800f125   Thumb Code    14  record.o(.text)
    Arrange_Record                           0x0800f133   Thumb Code   244  record.o(.text)
    Add_UpdataRecord                         0x0800f227   Thumb Code    64  record.o(.text)
    AddRecord                                0x0800f267   Thumb Code   330  record.o(.text)
    UPloadRecord                             0x0800f3b1   Thumb Code    82  record.o(.text)
    DelUPloadRecord                          0x0800f403   Thumb Code   110  record.o(.text)
    InitMachno                               0x0800f4b9   Thumb Code    24  mach.o(.text)
    SaveMachno                               0x0800f4d1   Thumb Code    44  mach.o(.text)
    gettimetobcd                             0x0800f505   Thumb Code    34  cardrw.o(.text)
    Set_Time_slot_1                          0x0800f527   Thumb Code    82  cardrw.o(.text)
    Time_interval_fun                        0x0800f579   Thumb Code   102  cardrw.o(.text)
    Debit_fun                                0x0800f5df   Thumb Code   140  cardrw.o(.text)
    AnalyzeSectionData                       0x0800f66b   Thumb Code    54  cardrw.o(.text)
    BlockWrite                               0x0800f6a1   Thumb Code    64  cardrw.o(.text)
    WriteBlock1                              0x0800f6e1   Thumb Code    62  cardrw.o(.text)
    ProcessICCard                            0x0800f71f   Thumb Code    20  cardrw.o(.text)
    Back_SaveGroupCount                      0x0800f77d   Thumb Code    42  blackname.o(.text)
    Back_GetGroupCount                       0x0800f7a7   Thumb Code    38  blackname.o(.text)
    Back_SaveCommCount                       0x0800f7cd   Thumb Code    34  blackname.o(.text)
    Back_GetCommCount                        0x0800f7ef   Thumb Code    30  blackname.o(.text)
    Back_GetGroupAddress                     0x0800f80d   Thumb Code    12  blackname.o(.text)
    Back_InitName                            0x0800f819   Thumb Code    12  blackname.o(.text)
    Back_MakeGroup                           0x0800f825   Thumb Code    68  blackname.o(.text)
    Back_FindCardno                          0x0800f869   Thumb Code   138  blackname.o(.text)
    Back_AddCardno                           0x0800f8f3   Thumb Code    98  blackname.o(.text)
    Back_AddOneCardno                        0x0800f955   Thumb Code    36  blackname.o(.text)
    Back_CommFindCardno                      0x0800f979   Thumb Code   126  blackname.o(.text)
    Back_DelCardno                           0x0800f9f7   Thumb Code   188  blackname.o(.text)
    Back_DelAllCardno                        0x0800fab3   Thumb Code    48  blackname.o(.text)
    Back_DelOneCardno                        0x0800fae3   Thumb Code    36  blackname.o(.text)
    Time_Interval_Detection                  0x0800fb29   Thumb Code    98  interval.o(.text)
    Check_Passage_Enable                     0x0800fb8b   Thumb Code    28  interval.o(.text)
    Channel_Time_Detection                   0x0800fba7   Thumb Code    74  interval.o(.text)
    Holiday_Detection                        0x0800fbf1   Thumb Code   150  interval.o(.text)
    HolidayTime_Interval_Detection           0x0800fc87   Thumb Code   104  interval.o(.text)
    InitTime_Interval_Detection              0x0800fcef   Thumb Code    22  interval.o(.text)
    InitPassage_Time                         0x0800fd05   Thumb Code    22  interval.o(.text)
    InitPassage_TimeEnable                   0x0800fd1b   Thumb Code    22  interval.o(.text)
    InitHoliday_Vacations                    0x0800fd31   Thumb Code    22  interval.o(.text)
    get4g_rebuff                             0x0800fd7d   Thumb Code     4  ec20fun.o(.text)
    Process4G_Commu                          0x0800fd81   Thumb Code   250  ec20fun.o(.text)
    Init_EC20_Remote_IP                      0x0800fe7b   Thumb Code   120  ec20fun.o(.text)
    getQR_rebuff                             0x0800ff41   Thumb Code     4  qr_code.o(.text)
    QR_SendString                            0x0800ff45   Thumb Code    42  qr_code.o(.text)
    QR_SendByte                              0x0800ff6f   Thumb Code    28  qr_code.o(.text)
    cleanQR_bcrebuff                         0x0800ff8b   Thumb Code    30  qr_code.o(.text)
    InitQRCombuff                            0x0800ffa9   Thumb Code    18  qr_code.o(.text)
    ProcessQR_ICRead                         0x0800ffbb   Thumb Code    24  qr_code.o(.text)
    ProcessQR_QRRead                         0x0800ffd3   Thumb Code   138  qr_code.o(.text)
    ProcessQR_Commu                          0x0801005d   Thumb Code   216  qr_code.o(.text)
    TX_L                                     0x08010191   Thumb Code    14  speak.o(.text)
    TX_H                                     0x0801019f   Thumb Code    14  speak.o(.text)
    SPEAK_USART_TX_init                      0x080101ad   Thumb Code    50  speak.o(.text)
    MUSART1_SendData                         0x080101df   Thumb Code    70  speak.o(.text)
    SPEAKUART_SendString                     0x08010225   Thumb Code    26  speak.o(.text)
    SYN6288_Send                             0x0801023f   Thumb Code    86  speak.o(.text)
    SC50X0_SDA                               0x08010295   Thumb Code   108  speak.o(.text)
    Init_Heartbeat                           0x08010311   Thumb Code    14  heartbeat.o(.text)
    Heartbeat_Send                           0x0801031f   Thumb Code    72  heartbeat.o(.text)
    Lcds_Config                              0x0801038d   Thumb Code    32  lcd12864.o(.text)
    Delaynms                                 0x080103ad   Thumb Code    26  lcd12864.o(.text)
    Send_Byte                                0x080103c7   Thumb Code    82  lcd12864.o(.text)
    Write_Char                               0x08010419   Thumb Code    70  lcd12864.o(.text)
    Lcd_Init                                 0x0801045f   Thumb Code    42  lcd12864.o(.text)
    Clr_Scr                                  0x08010489   Thumb Code    12  lcd12864.o(.text)
    LCD_Set_XY                               0x08010495   Thumb Code    80  lcd12864.o(.text)
    LCD_Write_String                         0x080104e5   Thumb Code    42  lcd12864.o(.text)
    LCD_Write_String_NUM                     0x0801050f   Thumb Code    48  lcd12864.o(.text)
    LCD_Write_Number                         0x0801053f   Thumb Code    22  lcd12864.o(.text)
    Display_Img                              0x08010555   Thumb Code   280  lcd12864.o(.text)
    Delay_Lcd                                0x0801066d   Thumb Code    14  lcd12864.o(.text)
    Clear_Standby_Display                    0x08010685   Thumb Code    12  lcd12864_config.o(.text)
    Clear_Standby_Display_Time               0x08010691   Thumb Code    40  lcd12864_config.o(.text)
    EndClear_Pay_Card_Data                   0x080106b9   Thumb Code     2  lcd12864_config.o(.text)
    LCD12864_Standby                         0x080106bb   Thumb Code   232  lcd12864_config.o(.text)
    LCD12864_ShowKeyValue                    0x080107a3   Thumb Code   176  lcd12864_config.o(.text)
    LCD12864_ShowPlay_Card                   0x08010853   Thumb Code  1088  lcd12864_config.o(.text)
    LCD12864_Show_Consump_Pattern            0x08010c93   Thumb Code   202  lcd12864_config.o(.text)
    LCD12864_Show_NoNet                      0x08010d5d   Thumb Code   126  lcd12864_config.o(.text)
    ProcessReal_time_upload                  0x08010ec1   Thumb Code   544  upload.o(.text)
    newCheck_Card_Limit                      0x080110e1   Thumb Code   254  upload.o(.text)
    dtmelay                                  0x0801122d   Thumb Code    24  tm1650.o(.text)
    TM16_SDA_IN                              0x08011245   Thumb Code    30  tm1650.o(.text)
    TM16_SDA_OUT                             0x08011263   Thumb Code    30  tm1650.o(.text)
    TM16_IIC_Start                           0x08011281   Thumb Code    48  tm1650.o(.text)
    TM16_IIC_Stop                            0x080112b1   Thumb Code    48  tm1650.o(.text)
    TM16_Read_ACK                            0x080112e1   Thumb Code    54  tm1650.o(.text)
    TM16_Send_ACK                            0x08011317   Thumb Code    54  tm1650.o(.text)
    TM16_Send_Byte                           0x0801134d   Thumb Code    92  tm1650.o(.text)
    TM16_Read_Byte                           0x080113a9   Thumb Code   122  tm1650.o(.text)
    TM16_Write_REG                           0x08011423   Thumb Code    28  tm1650.o(.text)
    TM16_Set_Brig                            0x0801143f   Thumb Code    24  tm1650.o(.text)
    TM16_INIT                                0x08011457   Thumb Code    50  tm1650.o(.text)
    TM1650_FD650_READ                        0x08011489   Thumb Code    28  tm1650.o(.text)
    tmKeyscan                                0x080114a5   Thumb Code   178  tm1650.o(.text)
    WP_SendString                            0x08011569   Thumb Code    42  wisdom_plate.o(.text)
    WP_SendByte                              0x08011593   Thumb Code    28  wisdom_plate.o(.text)
    InitWPCombuff                            0x080115af   Thumb Code     8  wisdom_plate.o(.text)
    Wisdom_plate_Return                      0x080115b7   Thumb Code    96  wisdom_plate.o(.text)
    Wisdom_plate_Card_Read                   0x08011617   Thumb Code    54  wisdom_plate.o(.text)
    Wisdom_plate_Consumption                 0x0801164d   Thumb Code    30  wisdom_plate.o(.text)
    Wisdom_plate_Transaction_Confirmation    0x0801166b   Thumb Code    12  wisdom_plate.o(.text)
    Process_Wisdom_plate                     0x08011677   Thumb Code   194  wisdom_plate.o(.text)
    SaveMachine_Category                     0x08011789   Thumb Code    28  consum_config.o(.text)
    SaveFixed_consumption_Money              0x080117a5   Thumb Code    14  consum_config.o(.text)
    SaveFixed_consumption_Timer              0x080117b3   Thumb Code    16  consum_config.o(.text)
    InitFixed_consumption_Money              0x080117c3   Thumb Code    14  consum_config.o(.text)
    InitConsumption_All_Money                0x080117d1   Thumb Code    16  consum_config.o(.text)
    SaveConsumption_All_Money                0x080117e1   Thumb Code    16  consum_config.o(.text)
    DeleteConsumption_All_Money              0x080117f1   Thumb Code    30  consum_config.o(.text)
    InitFixed_consumption_Timer              0x0801180f   Thumb Code    16  consum_config.o(.text)
    SaveCarte_consum_Money                   0x0801181f   Thumb Code    16  consum_config.o(.text)
    InitCarte_consum_Money                   0x0801182f   Thumb Code    16  consum_config.o(.text)
    SaveSub_Maximum_Limit                    0x0801183f   Thumb Code    16  consum_config.o(.text)
    InitSub_Maximum_Limit                    0x0801184f   Thumb Code    16  consum_config.o(.text)
    Consum_Time_Detection                    0x0801185f   Thumb Code    80  consum_config.o(.text)
    app_srand                                0x080118d1   Thumb Code     6  iap_updata.o(.text)
    app_get_rand                             0x080118d7   Thumb Code    30  iap_updata.o(.text)
    False_Random_number                      0x080118f5   Thumb Code    30  iap_updata.o(.text)
    write_flash                              0x08011913   Thumb Code    38  iap_updata.o(.text)
    Check_IAP_Start_Updata                   0x08011939   Thumb Code    76  iap_updata.o(.text)
    Handle_IAP_Data                          0x08011985   Thumb Code   174  iap_updata.o(.text)
    Check_IAP_END_Updata                     0x08011a33   Thumb Code    26  iap_updata.o(.text)
    IAP_Read_Data                            0x08011a4d   Thumb Code     2  iap_updata.o(.text)
    IAP_OK_System_Boot                       0x08011a4f   Thumb Code    60  iap_updata.o(.text)
    Clear_IAP_OK_System_Boot                 0x08011a8b   Thumb Code    90  iap_updata.o(.text)
    SoftReset                                0x08011ae5   Thumb Code    38  iap_updata.o(.text)
    Menu_key_set                             0x08011b59   Thumb Code   628  menu.o(.text)
    fun0                                     0x08011dcd   Thumb Code    66  menu.o(.text)
    fun1                                     0x08011e0f   Thumb Code    22  menu.o(.text)
    fun2                                     0x08011e25   Thumb Code    26  menu.o(.text)
    fun3                                     0x08011e3f   Thumb Code    24  menu.o(.text)
    fun4                                     0x08011e57   Thumb Code    58  menu.o(.text)
    fun5                                     0x08011e91   Thumb Code    50  menu.o(.text)
    fun6                                     0x08011ec3   Thumb Code     2  menu.o(.text)
    fun7                                     0x08011ec5   Thumb Code    26  menu.o(.text)
    fun8                                     0x08011edf   Thumb Code    34  menu.o(.text)
    fun9                                     0x08011f01   Thumb Code    58  menu.o(.text)
    fun10                                    0x08011f3b   Thumb Code   190  menu.o(.text)
    fun11                                    0x08011ff9   Thumb Code     2  menu.o(.text)
    fun12                                    0x08011ffb   Thumb Code    98  menu.o(.text)
    fun13                                    0x0801205d   Thumb Code   108  menu.o(.text)
    fun14                                    0x080120c9   Thumb Code   496  menu.o(.text)
    fun15                                    0x080122b9   Thumb Code    94  menu.o(.text)
    fun16                                    0x08012317   Thumb Code     2  menu.o(.text)
    fun17                                    0x08012319   Thumb Code    26  menu.o(.text)
    fun18                                    0x08012333   Thumb Code    34  menu.o(.text)
    fun19                                    0x08012355   Thumb Code   282  menu.o(.text)
    fun20                                    0x0801246f   Thumb Code    94  menu.o(.text)
    fun21                                    0x080124cd   Thumb Code     2  menu.o(.text)
    fun22                                    0x080124cf   Thumb Code    26  menu.o(.text)
    fun23                                    0x080124e9   Thumb Code    34  menu.o(.text)
    fun24                                    0x0801250b   Thumb Code    66  menu.o(.text)
    fun25                                    0x0801254d   Thumb Code    94  menu.o(.text)
    fun26                                    0x080125ab   Thumb Code     2  menu.o(.text)
    fun27                                    0x080125ad   Thumb Code   152  menu.o(.text)
    fun28                                    0x08012645   Thumb Code   166  menu.o(.text)
    fun29                                    0x080126eb   Thumb Code   526  menu.o(.text)
    fun30                                    0x080128f9   Thumb Code    94  menu.o(.text)
    fun31                                    0x08012957   Thumb Code     2  menu.o(.text)
    fun32                                    0x08012959   Thumb Code    26  menu.o(.text)
    fun33                                    0x08012973   Thumb Code    34  menu.o(.text)
    fun34                                    0x08012995   Thumb Code    42  menu.o(.text)
    fun35                                    0x080129bf   Thumb Code    94  menu.o(.text)
    fun36                                    0x08012a1d   Thumb Code     2  menu.o(.text)
    fun37                                    0x08012a1f   Thumb Code    26  menu.o(.text)
    fun38                                    0x08012a39   Thumb Code    34  menu.o(.text)
    fun39                                    0x08012a5b   Thumb Code    42  menu.o(.text)
    fun40                                    0x08012a85   Thumb Code    94  menu.o(.text)
    fun41                                    0x08012ae3   Thumb Code     2  menu.o(.text)
    fun42                                    0x08012ae5   Thumb Code    26  menu.o(.text)
    fun43                                    0x08012aff   Thumb Code    34  menu.o(.text)
    fun44                                    0x08012b21   Thumb Code    42  menu.o(.text)
    fun45                                    0x08012b4b   Thumb Code    94  menu.o(.text)
    fun46                                    0x08012ba9   Thumb Code     2  menu.o(.text)
    fun47                                    0x08012bab   Thumb Code    26  menu.o(.text)
    fun48                                    0x08012bc5   Thumb Code    92  menu.o(.text)
    fun49                                    0x08012c21   Thumb Code    42  menu.o(.text)
    fun50                                    0x08012c4b   Thumb Code    94  menu.o(.text)
    fun51                                    0x08012ca9   Thumb Code     2  menu.o(.text)
    fun52                                    0x08012cab   Thumb Code     2  menu.o(.text)
    fun53                                    0x08012cad   Thumb Code     2  menu.o(.text)
    fun54                                    0x08012caf   Thumb Code     2  menu.o(.text)
    fun55                                    0x08012cb1   Thumb Code     2  menu.o(.text)
    fun56                                    0x08012cb3   Thumb Code     2  menu.o(.text)
    fun57                                    0x08012cb5   Thumb Code     2  menu.o(.text)
    fun58                                    0x08012cb7   Thumb Code     2  menu.o(.text)
    fun59                                    0x08012cb9   Thumb Code     2  menu.o(.text)
    fun60                                    0x08012cbb   Thumb Code     2  menu.o(.text)
    fun81                                    0x08012cbd   Thumb Code    36  menu.o(.text)
    fun82                                    0x08012ce1   Thumb Code     2  menu.o(.text)
    fun83                                    0x08012ce3   Thumb Code     2  menu.o(.text)
    fun84                                    0x08012ce5   Thumb Code   108  menu.o(.text)
    fun85                                    0x08012d51   Thumb Code    50  menu.o(.text)
    fun86                                    0x08012d83   Thumb Code     2  menu.o(.text)
    fun87                                    0x08012d85   Thumb Code     2  menu.o(.text)
    fun88                                    0x08012d87   Thumb Code     2  menu.o(.text)
    fun89                                    0x08012d89   Thumb Code     2  menu.o(.text)
    fun90                                    0x08012d8b   Thumb Code     2  menu.o(.text)
    exitbutton                               0x08012d8d   Thumb Code    50  menu.o(.text)
    enterbutton                              0x08012dbf   Thumb Code    50  menu.o(.text)
    outmenu                                  0x08012df1   Thumb Code    10  menu.o(.text)
    Show_Menudata                            0x08012e4d   Thumb Code   478  menufun.o(.text)
    W5500_GPIO_Configuration                 0x08013085   Thumb Code   100  w5500.o(.text)
    W5500_NVIC_Configuration                 0x080130e9   Thumb Code    32  w5500.o(.text)
    EXTI9_5_IRQHandler                       0x08013109   Thumb Code    24  w5500.o(.text)
    SPI_Configuration                        0x08013121   Thumb Code   168  w5500.o(.text)
    SPI2_Send_Byte                           0x080131c9   Thumb Code    28  w5500.o(.text)
    SPI2_Send_Short                          0x080131e5   Thumb Code    28  w5500.o(.text)
    Write_W5500_1Byte                        0x08013201   Thumb Code    46  w5500.o(.text)
    Write_W5500_2Byte                        0x0801322f   Thumb Code    46  w5500.o(.text)
    Write_W5500_nByte                        0x0801325d   Thumb Code    66  w5500.o(.text)
    Write_W5500_SOCK_1Byte                   0x0801329f   Thumb Code    58  w5500.o(.text)
    Write_W5500_SOCK_2Byte                   0x080132d9   Thumb Code    58  w5500.o(.text)
    Write_W5500_SOCK_4Byte                   0x08013313   Thumb Code    84  w5500.o(.text)
    Read_W5500_1Byte                         0x08013367   Thumb Code    62  w5500.o(.text)
    Read_W5500_SOCK_1Byte                    0x080133a5   Thumb Code    74  w5500.o(.text)
    Read_W5500_SOCK_2Byte                    0x080133ef   Thumb Code    98  w5500.o(.text)
    Read_SOCK_Data_Buffer                    0x08013451   Thumb Code   316  w5500.o(.text)
    Write_SOCK_Data_Buffer                   0x0801358d   Thumb Code   264  w5500.o(.text)
    W5500_Hardware_Reset                     0x08013695   Thumb Code    32  w5500.o(.text)
    W5500_Init                               0x080136b5   Thumb Code   156  w5500.o(.text)
    Detect_Gateway                           0x08013751   Thumb Code   196  w5500.o(.text)
    Socket_Init                              0x08013815   Thumb Code   260  w5500.o(.text)
    Socket_Connect                           0x08013919   Thumb Code    70  w5500.o(.text)
    Socket_Listen                            0x0801395f   Thumb Code   102  w5500.o(.text)
    Socket_UDP                               0x080139c5   Thumb Code    60  w5500.o(.text)
    W5500_Interrupt_Process                  0x08013a01   Thumb Code   444  w5500.o(.text)
    W5500_Initialization                     0x08013bdd   Thumb Code    44  w5500_config.o(.text)
    Load_Net_Parameters                      0x08013c09   Thumb Code   166  w5500_config.o(.text)
    W5500_Socket_Set                         0x08013caf   Thumb Code   290  w5500_config.o(.text)
    Process_Socket_Data                      0x08013dd1   Thumb Code    36  w5500_config.o(.text)
    Process_Socket_PROT0_Send                0x08013df5   Thumb Code    38  w5500_config.o(.text)
    Process_Socket_PROT1_Send                0x08013e1b   Thumb Code    38  w5500_config.o(.text)
    Process_Socket_PROT0_Receive             0x08013e41   Thumb Code    30  w5500_config.o(.text)
    Process_Socket_PROT1_Receive             0x08013e5f   Thumb Code    30  w5500_config.o(.text)
    Process_Socket_PROT2_Receive             0x08013e7d   Thumb Code    74  w5500_config.o(.text)
    Timer2_Init_Config                       0x08013ec7   Thumb Code    64  w5500_config.o(.text)
    NVIC_Configuration                       0x08013f07   Thumb Code    44  w5500_config.o(.text)
    System_Initialization                    0x08013f33   Thumb Code    20  w5500_config.o(.text)
    W5500_SYSTEM_Init                        0x08013f47   Thumb Code    20  w5500_config.o(.text)
    W5500_System_Program                     0x08013f5b   Thumb Code   102  w5500_config.o(.text)
    TIM2_IRQHandler                          0x08013fc1   Thumb Code   160  w5500_config.o(.text)
    Delay                                    0x08014061   Thumb Code    18  w5500_config.o(.text)
    InitTcpClient                            0x08014079   Thumb Code    14  rj45cmd.o(.text)
    CheckTCPClientData                       0x08014087   Thumb Code   106  rj45cmd.o(.text)
    ProcessTCPClient                         0x080140f1   Thumb Code    42  rj45cmd.o(.text)
    InitTcpServer                            0x0801411b   Thumb Code    14  rj45cmd.o(.text)
    CheckTCPServerData                       0x08014129   Thumb Code   106  rj45cmd.o(.text)
    ProcessTCPServer                         0x08014193   Thumb Code    42  rj45cmd.o(.text)
    ProcessUDPClient                         0x080141bd   Thumb Code   136  rj45cmd.o(.text)
    reboot                                   0x08014245   Thumb Code    12  rj45cmd.o(.text)
    InitLocalIPGateway                       0x08014251   Thumb Code   130  rj45cmd.o(.text)
    InitRemoteIPandPORT                      0x080142d3   Thumb Code   100  rj45cmd.o(.text)
    Init_MAC_Address                         0x08014337   Thumb Code   100  rj45cmd.o(.text)
    TimeDelay                                0x08014405   Thumb Code    22  lcd_dis.o(.text)
    Delay_40US                               0x0801441b   Thumb Code    26  lcd_dis.o(.text)
    delay2                                   0x08014435   Thumb Code    20  lcd_dis.o(.text)
    GetKey                                   0x08014449   Thumb Code     4  lcd_dis.o(.text)
    LedON                                    0x0801444d   Thumb Code     2  lcd_dis.o(.text)
    LCD_Config                               0x0801444f   Thumb Code    32  lcd_dis.o(.text)
    LCD_Init                                 0x0801446f   Thumb Code    40  lcd_dis.o(.text)
    SPI_SSSet                                0x08014497   Thumb Code   102  lcd_dis.o(.text)
    SPI_Send                                 0x080144fd   Thumb Code    84  lcd_dis.o(.text)
    PutString                                0x08014551   Thumb Code    82  lcd_dis.o(.text)
    PutString_cn                             0x080145a3   Thumb Code    90  lcd_dis.o(.text)
    ClrScreen                                0x080145fd   Thumb Code    28  lcd_dis.o(.text)
    SetBG_Color                              0x08014619   Thumb Code    50  lcd_dis.o(.text)
    SetFG_Color                              0x0801464b   Thumb Code    50  lcd_dis.o(.text)
    PutBitmap                                0x0801467d   Thumb Code    64  lcd_dis.o(.text)
    SetDisplayOnOff                          0x080146bd   Thumb Code    40  lcd_dis.o(.text)
    SetDisplayInvert                         0x080146e5   Thumb Code    40  lcd_dis.o(.text)
    SetWindows                               0x0801470d   Thumb Code    98  lcd_dis.o(.text)
    SetFontType                              0x0801476f   Thumb Code    42  lcd_dis.o(.text)
    DrawPoint                                0x08014799   Thumb Code    82  lcd_dis.o(.text)
    DrawLine                                 0x080147eb   Thumb Code   130  lcd_dis.o(.text)
    DrawRect                                 0x0801486d   Thumb Code   128  lcd_dis.o(.text)
    DrawIcon                                 0x080148ed   Thumb Code    74  lcd_dis.o(.text)
    DrawTranIcon                             0x08014937   Thumb Code    90  lcd_dis.o(.text)
    DrawQRCODE                               0x08014991   Thumb Code    90  lcd_dis.o(.text)
    LCD_Standby                              0x080149ed   Thumb Code   530  lcd_config.o(.text)
    LCD_ShowPlay_Card                        0x08014bff   Thumb Code   982  lcd_config.o(.text)
    ShowKeyValue_Plus                        0x08014fd5   Thumb Code   384  lcd_config.o(.text)
    LCD_ShowKeyValue                         0x08015155   Thumb Code   166  lcd_config.o(.text)
    LCD_Show_Consump_Pattern                 0x080151fb   Thumb Code   592  lcd_config.o(.text)
    LCD_Disp_MenuPassword                    0x0801544b   Thumb Code   218  lcd_config.o(.text)
    LCD_Disp_MenuMain                        0x08015525   Thumb Code   266  lcd_config.o(.text)
    LCD_Disp_Function                        0x0801562f   Thumb Code  6632  lcd_config.o(.text)
    LCD_Disp_Query_Money                     0x08017017   Thumb Code    24  lcd_config.o(.text)
    CalculateCRC_1                           0x080171c9   Thumb Code    86  crc.o(.text)
    CalculateCRC                             0x0801721f   Thumb Code    74  crc.o(.text)
    iap_write_appbin                         0x08017275   Thumb Code    98  iap.o(.text)
    iap_load_app                             0x080172d7   Thumb Code    36  iap.o(.text)
    __use_no_semihosting                     0x08017309   Thumb Code     2  use_no_semi_2.o(.text)
    toupper                                  0x0801730b   Thumb Code    30  toupper.o(.text)
    strstr                                   0x08017329   Thumb Code    36  strstr.o(.text)
    __aeabi_memcpy                           0x0801734d   Thumb Code     0  rt_memcpy_v6.o(.text)
    __rt_memcpy                              0x0801734d   Thumb Code   138  rt_memcpy_v6.o(.text)
    _memcpy_lastbytes                        0x080173b3   Thumb Code     0  rt_memcpy_v6.o(.text)
    __aeabi_memcpy4                          0x080173d7   Thumb Code     0  rt_memcpy_w.o(.text)
    __aeabi_memcpy8                          0x080173d7   Thumb Code     0  rt_memcpy_w.o(.text)
    __rt_memcpy_w                            0x080173d7   Thumb Code   100  rt_memcpy_w.o(.text)
    _memcpy_lastbytes_aligned                0x0801741f   Thumb Code     0  rt_memcpy_w.o(.text)
    __aeabi_memclr                           0x0801743b   Thumb Code     0  rt_memclr.o(.text)
    __rt_memclr                              0x0801743b   Thumb Code    68  rt_memclr.o(.text)
    _memset                                  0x0801743f   Thumb Code     0  rt_memclr.o(.text)
    __aeabi_memclr4                          0x0801747f   Thumb Code     0  rt_memclr_w.o(.text)
    __aeabi_memclr8                          0x0801747f   Thumb Code     0  rt_memclr_w.o(.text)
    __rt_memclr_w                            0x0801747f   Thumb Code    78  rt_memclr_w.o(.text)
    _memset_w                                0x08017483   Thumb Code     0  rt_memclr_w.o(.text)
    __use_two_region_memory                  0x080174cd   Thumb Code     2  heapauxi.o(.text)
    __rt_heap_escrow$2region                 0x080174cf   Thumb Code     2  heapauxi.o(.text)
    __rt_heap_expand$2region                 0x080174d1   Thumb Code     2  heapauxi.o(.text)
    __I$use$semihosting                      0x080174d3   Thumb Code     0  use_no_semi.o(.text)
    __use_no_semihosting_swi                 0x080174d3   Thumb Code     2  use_no_semi.o(.text)
    __rt_ctype_table                         0x080174d5   Thumb Code    16  rt_ctype_table.o(.text)
    __rt_locale                              0x080174e5   Thumb Code     8  rt_locale_intlibspace.o(.text)
    __user_libspace                          0x080174ed   Thumb Code     8  libspace.o(.text)
    __user_perproc_libspace                  0x080174ed   Thumb Code     0  libspace.o(.text)
    __user_perthread_libspace                0x080174ed   Thumb Code     0  libspace.o(.text)
    __user_setup_stackheap                   0x080174f5   Thumb Code    74  sys_stackheap_outer.o(.text)
    exit                                     0x0801753f   Thumb Code    18  exit.o(.text)
    strcmp                                   0x08017551   Thumb Code   128  strcmpv7m.o(.text)
    _get_lc_ctype                            0x080175d1   Thumb Code    44  lc_ctype_c.o(locale$$code)
    Region$$Table$$Base                      0x080179b4   Number         0  anon$$obj.o(Region$$Table)
    Region$$Table$$Limit                     0x080179d4   Number         0  anon$$obj.o(Region$$Table)
    __ctype                                  0x080179e1   Data           0  lc_ctype_c.o(locale$$data)
    SystemCoreClock                          0x20000000   Data           4  system_stm32f10x.o(.data)
    AHBPrescTable                            0x20000004   Data          16  system_stm32f10x.o(.data)
    timerdelay                               0x20000018   Data           1  timer.o(.data)
    timerdelaysec                            0x20000019   Data           1  timer.o(.data)
    wg1cycle                                 0x20000020   Data           1  wg1.o(.data)
    wg1idx                                   0x20000021   Data           1  wg1.o(.data)
    wg2cycle                                 0x2000002c   Data           1  wg2.o(.data)
    wg2idx                                   0x2000002d   Data           1  wg2.o(.data)
    AT_QIOPEN_IP                             0x20000038   Data          50  ec20.o(.data)
    s_stRetData                              0x2000006a   Data           2  ec20.o(.data)
    g_u16OverTimeCnt                         0x2000006c   Data           2  ec20.o(.data)
    AT_InterOverTimeCnt                      0x2000006e   Data           2  ec20.o(.data)
    g_u8RxIndexW                             0x20000070   Data           2  ec20.o(.data)
    EC20GPSLEN                               0x20000074   Data           2  ec20.o(.data)
    __stdout                                 0x20000080   Data           4  usart.o(.data)
    u1_Rec_Over_Flag                         0x20000084   Data           1  usart.o(.data)
    u1_RxTimeout                             0x20000085   Data           1  usart.o(.data)
    u1_Rec_Len                               0x20000088   Data           4  usart.o(.data)
    USART_RX_STA                             0x2000008c   Data           2  usart.o(.data)
    USART1_RX_CRLF                           0x2000008e   Data           1  usart.o(.data)
    time_buf                                 0x200000ac   Data           8  ds1302.o(.data)
    time_buftx                               0x200000b4   Data           8  ds1302.o(.data)
    showStandby                              0x200000c0   Data           1  sysvar.o(.data)
    Standbycount                             0x200000c4   Data           4  sysvar.o(.data)
    Standbytime                              0x200000c8   Data           4  sysvar.o(.data)
    showtime                                 0x200000cc   Data           1  sysvar.o(.data)
    timecount                                0x200000d0   Data           4  sysvar.o(.data)
    sys_status                               0x200000d4   Data           1  sysvar.o(.data)
    statuscnt                                0x200000d8   Data           4  sysvar.o(.data)
    keyVal                                   0x200000dc   Data           1  sysvar.o(.data)
    cycle                                    0x200000dd   Data           1  sysvar.o(.data)
    output1state                             0x200000e0   Data           4  sysvar.o(.data)
    output1time                              0x200000e4   Data           4  sysvar.o(.data)
    output2state                             0x200000e8   Data           4  sysvar.o(.data)
    output2time                              0x200000ec   Data           4  sysvar.o(.data)
    badd                                     0x200000f0   Data           4  sysvar.o(.data)
    bdel                                     0x200000f4   Data           4  sysvar.o(.data)
    idbuff                                   0x200000f8   Data           4  sysvar.o(.data)
    ICidbuff                                 0x200000fc   Data           4  sysvar.o(.data)
    inPCOM                                   0x20000100   Data           4  sysvar.o(.data)
    repea_time                               0x20000104   Data           1  sysvar.o(.data)
    output_time                              0x20000105   Data           1  sysvar.o(.data)
    whiteallow                               0x20000106   Data           1  sysvar.o(.data)
    interval_time                            0x20000107   Data           1  sysvar.o(.data)
    Show_Refresh_coun                        0x20000108   Data           2  sysvar.o(.data)
    Check_the_balance                        0x2000010a   Data           1  sysvar.o(.data)
    keyidx                                   0x20000110   Data           1  keyfun.o(.data)
    menu_keyidx                              0x20000111   Data           1  keyfun.o(.data)
    menu_keyidx_MAX                          0x20000112   Data           1  keyfun.o(.data)
    keymoneybuff                             0x20000113   Data           4  keyfun.o(.data)
    keymoney32buff                           0x20000118   Data           4  keyfun.o(.data)
    u32_monetbuf                             0x2000011c   Data           4  keyfun.o(.data)
    comidx                                   0x20000124   Data           4  comcmd.o(.data)
    endcount                                 0x20000128   Data           1  comcmd.o(.data)
    endcount_4g                              0x20000129   Data           1  comcmd.o(.data)
    Data_length                              0x2000012c   Data           4  comcmd.o(.data)
    VERSION_SIZE                             0x20000130   Data           1  comcmd.o(.data)
    SOFT_VERSION                             0x20000131   Data          11  comcmd.o(.data)
    TYPE_SIZE                                0x2000013c   Data           1  comcmd.o(.data)
    MACH_TYPE                                0x2000013d   Data          12  comcmd.o(.data)
    COM_ERROR                                0x20000149   Data          13  comcmd.o(.data)
    Return_Codebuf                           0x20000156   Data          10  comcmd.o(.data)
    Return_Endvalue                          0x20000160   Data           3  comcmd.o(.data)
    Retainbitbuf                             0x20000163   Data           4  comcmd.o(.data)
    bgroupfull                               0x2000016c   Data           4  name.o(.data)
    bfindcard                                0x20000170   Data           4  name.o(.data)
    curgroup                                 0x20000174   Data           1  name.o(.data)
    groupidx                                 0x20000178   Data           4  name.o(.data)
    groupcount                               0x2000017c   Data           4  name.o(.data)
    commidx                                  0x20000180   Data           4  name.o(.data)
    commcount                                0x20000184   Data           4  name.o(.data)
    addnamebuff                              0x20000188   Data           6  name.o(.data)
    Permission_Periodbuff                    0x2000018e   Data           2  name.o(.data)
    idcycle                                  0x20000194   Data           4  cardprocess.o(.data)
    idcycleflag                              0x20000198   Data           1  cardprocess.o(.data)
    oldID                                    0x20000199   Data           4  cardprocess.o(.data)
    PasswordMask                             0x2000019d   Data           6  cardprocess.o(.data)
    curSection                               0x200001a3   Data           1  cardprocess.o(.data)
    cardPW                                   0x200001a4   Data           6  cardprocess.o(.data)
    isAdmin                                  0x200001ac   Data           4  cardprocess.o(.data)
    isICSetting                              0x200001b0   Data           4  cardprocess.o(.data)
    isValidICPW                              0x200001b4   Data           4  cardprocess.o(.data)
    isValidICData                            0x200001b8   Data           4  cardprocess.o(.data)
    blk6                                     0x200001bc   Data           3  cardprocess.o(.data)
    Pay_Carderr_Code                         0x200001bf   Data           1  cardprocess.o(.data)
    Pay_Head_Code                            0x200001c0   Data           1  cardprocess.o(.data)
    Enable_Pay_Card                          0x200001c1   Data           1  cardprocess.o(.data)
    isection                                 0x200001c8   Data           1  default.o(.data)
    password                                 0x200001c9   Data           6  default.o(.data)
    DEF_SYSVAR                               0x200001cf   Data          11  default.o(.data)
    DEF_PASS                                 0x200001da   Data           8  default.o(.data)
    DEF_EXTVAR                               0x200001e2   Data          11  default.o(.data)
    DEF_PROGRAMM                             0x200001ed   Data           6  default.o(.data)
    recordcount                              0x200001f8   Data           4  record.o(.data)
    rdtemporary_count                        0x200001fc   Data           1  record.o(.data)
    rdrealtime_up_count                      0x20000200   Data           4  record.o(.data)
    stopdate_addr                            0x20000204   Data           4  record.o(.data)
    temporarycuraddr                         0x20000208   Data           4  record.o(.data)
    uploadflash_cycle                        0x2000020c   Data           2  record.o(.data)
    Flow_number                              0x20000210   Data           4  record.o(.data)
    UserBalance                              0x20000214   Data           4  record.o(.data)
    Consum_Amount                            0x20000218   Data           4  record.o(.data)
    def_Consum_Amount                        0x2000021c   Data           4  record.o(.data)
    Actual_Card_number                       0x20000220   Data           4  record.o(.data)
    Err_Card_number                          0x20000224   Data           4  record.o(.data)
    Operation_Comm_number                    0x20000228   Data           4  record.o(.data)
    maxrecordcount_err                       0x2000022c   Data           1  record.o(.data)
    recordcount_err                          0x2000022d   Data           1  record.o(.data)
    ALL_NULL                                 0x2000022e   Data           4  record.o(.data)
    machno                                   0x20000238   Data           4  mach.o(.data)
    machno_ASCII                             0x2000023c   Data           8  mach.o(.data)
    ICcardbuff                               0x20000248   Data           8  cardrw.o(.data)
    ICcardNameASCII                          0x20000250   Data           8  cardrw.o(.data)
    blk1_Time                                0x20000258   Data           4  cardrw.o(.data)
    ICcard_frequencyBUFF                     0x2000025c   Data           4  cardrw.o(.data)
    ICcard_frequencybf                       0x20000260   Data           2  cardrw.o(.data)
    blk3buff                                 0x20000262   Data          16  cardrw.o(.data)
    Time_slot                                0x20000272   Data          60  cardrw.o(.data)
    Time_slot_1                              0x200002ae   Data          60  cardrw.o(.data)
    TIME_time_slot                           0x200002ec   Data           4  cardrw.o(.data)
    Current_time_value                       0x200002f0   Data           1  cardrw.o(.data)
    Time_interval_flag                       0x200002f4   Data           4  cardrw.o(.data)
    back_bfindcard                           0x20000300   Data           4  blackname.o(.data)
    back_curgroup                            0x20000304   Data           1  blackname.o(.data)
    back_groupidx                            0x20000308   Data           4  blackname.o(.data)
    back_groupcount                          0x2000030c   Data           4  blackname.o(.data)
    back_commidx                             0x20000310   Data           4  blackname.o(.data)
    back_commcount                           0x20000314   Data           4  blackname.o(.data)
    btimeseg                                 0x2000031c   Data           4  interval.o(.data)
    itimeseg                                 0x20000320   Data           4  interval.o(.data)
    bHoliday                                 0x20000324   Data           4  interval.o(.data)
    bChannel                                 0x20000328   Data           4  interval.o(.data)
    bHolitimeseg                             0x2000032c   Data           4  interval.o(.data)
    Passage_Enablebuff                       0x20000330   Data           6  interval.o(.data)
    Passage_EnableVerbuff                    0x20000336   Data           6  interval.o(.data)
    redata_4g                                0x20000340   Data           4  ec20fun.o(.data)
    QR_u8RxIndexW                            0x20000348   Data           2  qr_code.o(.data)
    USART3_RX_CRLF                           0x2000034a   Data           1  qr_code.o(.data)
    QR_Readtohex                             0x2000034b   Data           8  qr_code.o(.data)
    QRread_styp                              0x20000353   Data           1  qr_code.o(.data)
    oldQRID                                  0x20000354   Data           4  qr_code.o(.data)
    Asynchronous_QR_falg                     0x20000358   Data           1  qr_code.o(.data)
    redata_QR                                0x2000035c   Data           4  qr_code.o(.data)
    delayTime                                0x20000364   Data           4  speak.o(.data)
    kt_beat_info                             0x2000036c   Data           8  heartbeat.o(.data)
    Show_moneybuf                            0x20000378   Data          20  lcd12864_config.o(.data)
    Display_Time_outcount                    0x2000038c   Data           4  lcd12864_config.o(.data)
    UP_UserBalance                           0x20000394   Data           4  upload.o(.data)
    UP_Consum_Amount                         0x20000398   Data           4  upload.o(.data)
    UP_defNOnetBalance                       0x2000039c   Data           4  upload.o(.data)
    UP_defNOretBalance                       0x200003a0   Data           4  upload.o(.data)
    UP_defNOcardBalance                      0x200003a4   Data           4  upload.o(.data)
    updatareturnfalg                         0x200003a8   Data           1  upload.o(.data)
    upOverTimeCnt                            0x200003aa   Data           2  upload.o(.data)
    Card_Markok                              0x200003ac   Data           1  upload.o(.data)
    Local_Check_Card_falg                    0x200003ad   Data           1  upload.o(.data)
    Offline_Online_falg                      0x200003ae   Data           1  upload.o(.data)
    WP_u8RxIndexW                            0x200003bc   Data           2  wisdom_plate.o(.data)
    WP_clearcycle                            0x200003be   Data           1  wisdom_plate.o(.data)
    WP_updatareturnfalg                      0x200003bf   Data           1  wisdom_plate.o(.data)
    WP_UserBalance                           0x200003c0   Data           4  wisdom_plate.o(.data)
    WP_Consum_Amount                         0x200003c4   Data           4  wisdom_plate.o(.data)
    WP_defNOnetBalance                       0x200003c8   Data           4  wisdom_plate.o(.data)
    WP_defNOretBalance                       0x200003cc   Data           4  wisdom_plate.o(.data)
    WP_defNOcardBalance                      0x200003d0   Data           4  wisdom_plate.o(.data)
    wpOverTimeCnt                            0x200003d4   Data           2  wisdom_plate.o(.data)
    WP_readcard_ret                          0x200003d6   Data           1  wisdom_plate.o(.data)
    WP_retcycle                              0x200003d7   Data           1  wisdom_plate.o(.data)
    wp_Consumpidbuff                         0x200003d8   Data           4  wisdom_plate.o(.data)
    WP_Card_Read_falg                        0x200003dc   Data           1  wisdom_plate.o(.data)
    WP_Consumption_falg                      0x200003dd   Data           1  wisdom_plate.o(.data)
    Machine_category                         0x200003e4   Data           2  consum_config.o(.data)
    Consum_TimerBit                          0x200003e6   Data           2  consum_config.o(.data)
    Consum_Allmoney                          0x200003e8   Data           8  consum_config.o(.data)
    Sub_Maximum_Limitbuf                     0x200003f0   Data           5  consum_config.o(.data)
    iapcnt                                   0x200003fc   Data           2  iap_updata.o(.data)
    iapaddr                                  0x20000400   Data           4  iap_updata.o(.data)
    iappackcnt                               0x20000404   Data           2  iap_updata.o(.data)
    iapreceivepackcnt                        0x20000406   Data           2  iap_updata.o(.data)
    iapallcnt                                0x20000408   Data           4  iap_updata.o(.data)
    random_seed                              0x2000040c   Data           4  iap_updata.o(.data)
    func_index                               0x20000414   Data           1  menu.o(.data)
    Menu_mode                                0x20000415   Data           1  menu.o(.data)
    Menu_password_falg                       0x20000416   Data           1  menu.o(.data)
    keytmp                                   0x20000417   Data           6  menu.o(.data)
    keyouttime                               0x2000041d   Data           2  menu.o(.data)
    machnobuf                                0x2000041f   Data           6  menu.o(.data)
    DISPLAY_CHAR1                            0x20000428   Data          56  menu.o(.data)
    guicurrent_operation_index               0x20000460   Data           4  menu.o(.data)
    right_wrong_index                        0x20000464   Data           4  menu.o(.data)
    table                                    0x20000468   Data        1848  menu.o(.data)
    right_wrongbuff                          0x20000ba0   Data         512  menu.o(.data)
    Mmenu_NUM                                0x20000da4   Data           1  menufun.o(.data)
    Mmenu_Shou_Mode                          0x20000da5   Data           1  menufun.o(.data)
    Smenu_Shou_NUM                           0x20000da6   Data           1  menufun.o(.data)
    Shou_Selection_box                       0x20000da7   Data           1  menufun.o(.data)
    Menu_Fun_NUM                             0x20000da8   Data           1  menufun.o(.data)
    SmenuUse                                 0x20000da9   Data           6  menufun.o(.data)
    SmenuComm                                0x20000daf   Data           6  menufun.o(.data)
    SmenuSys                                 0x20000db5   Data           6  menufun.o(.data)
    SmenuData                                0x20000dbb   Data           6  menufun.o(.data)
    SmenuConsume                             0x20000dc1   Data           6  menufun.o(.data)
    SmenuAccess                              0x20000dc7   Data           6  menufun.o(.data)
    SmenuDrive                               0x20000dcd   Data           6  menufun.o(.data)
    SmenuAuto                                0x20000dd3   Data           6  menufun.o(.data)
    SmenuSysInfo                             0x20000dd9   Data           6  menufun.o(.data)
    MenuMainBuf                              0x20000ddf   Data         240  menufun.o(.data)
    MenuUsebuf                               0x20000ecf   Data         240  menufun.o(.data)
    MenuCommbuf                              0x20000fbf   Data         360  menufun.o(.data)
    MenuSysbuf                               0x20001127   Data         240  menufun.o(.data)
    MenuDatabuf                              0x20001217   Data         240  menufun.o(.data)
    MenuConsumebuf                           0x20001307   Data         240  menufun.o(.data)
    MenuAccessbuf                            0x200013f7   Data         240  menufun.o(.data)
    MenuDrivebuf                             0x200014e7   Data         240  menufun.o(.data)
    MenuAutobuf                              0x200015d7   Data         240  menufun.o(.data)
    MenuSysInfobuf                           0x200016c7   Data         240  menufun.o(.data)
    Gateway_IP                               0x200017b7   Data           4  w5500.o(.data)
    Sub_Mask                                 0x200017bb   Data           4  w5500.o(.data)
    Phy_Addr                                 0x200017bf   Data           6  w5500.o(.data)
    IP_Addr                                  0x200017c5   Data           4  w5500.o(.data)
    S0_Port                                  0x200017c9   Data           2  w5500.o(.data)
    S0_DIP                                   0x200017cb   Data           4  w5500.o(.data)
    S0_DPort                                 0x200017cf   Data           2  w5500.o(.data)
    S1_Port                                  0x200017d1   Data           2  w5500.o(.data)
    S1_DIP                                   0x200017d3   Data           4  w5500.o(.data)
    S1_DPort                                 0x200017d7   Data           2  w5500.o(.data)
    UDP_DIPR                                 0x200017d9   Data           4  w5500.o(.data)
    UDP_DPORT                                0x200017dd   Data           2  w5500.o(.data)
    S0_Mode                                  0x200017df   Data           1  w5500.o(.data)
    S1_Mode                                  0x200017e0   Data           1  w5500.o(.data)
    S2_Mode                                  0x200017e1   Data           1  w5500.o(.data)
    S0_State                                 0x200017e2   Data           1  w5500.o(.data)
    S1_State                                 0x200017e3   Data           1  w5500.o(.data)
    S2_State                                 0x200017e4   Data           1  w5500.o(.data)
    S0_Data                                  0x200017e5   Data           1  w5500.o(.data)
    S1_Data                                  0x200017e6   Data           1  w5500.o(.data)
    S2_Data                                  0x200017e7   Data           1  w5500.o(.data)
    W5500_Interrupt                          0x200017e8   Data           1  w5500.o(.data)
    Timer2_Counter                           0x200017f0   Data           4  w5500_config.o(.data)
    W5500_Send_Delay_Counter                 0x200017f4   Data           4  w5500_config.o(.data)
    num_lcd                                  0x200017fc   Data          15  lcd_config.o(.data)
    crclow                                   0x2000180b   Data           1  crc.o(.data)
    crchigh                                  0x2000180c   Data           1  crc.o(.data)
    jump2app                                 0x20001810   Data           4  iap.o(.data)
    SPI_FLASH_BUF                            0x20001814   Data        4096  w25qxx.o(.bss)
    SPI_InitStructure                        0x20002814   Data          18  spi.o(.bss)
    wg1cardno                                0x20002826   Data          34  wg1.o(.bss)
    wg2cardno                                0x20002848   Data          34  wg2.o(.bss)
    RxDataBuff                               0x2000286a   Data        2048  ec20.o(.bss)
    EC20GPSBUF                               0x2000306a   Data         500  ec20.o(.bss)
    gl_imei                                  0x2000325e   Data          20  ec20.o(.bss)
    gl_imsi                                  0x20003272   Data          20  ec20.o(.bss)
    STMFLASH_BUF                             0x20003286   Data        2048  stmflash.o(.bss)
    sysvar                                   0x20003a86   Data          11  sysvar.o(.bss)
    extvar                                   0x20003a91   Data          11  sysvar.o(.bss)
    keybuff                                  0x20003a9c   Data          20  keyfun.o(.bss)
    menu_keybuff                             0x20003ab0   Data          50  keyfun.o(.bss)
    keymoneyCentsbuff                        0x20003ae2   Data          10  keyfun.o(.bss)
    keymoneyplusbuff                         0x20003aec   Data          10  keyfun.o(.bss)
    key_status_info                          0x20003af6   Data          16  keyfun.o(.bss)
    combuff                                  0x20003b06   Data        2048  comcmd.o(.bss)
    communication_data                       0x20004306   Data        2048  comcmd.o(.bss)
    blk0                                     0x20004b06   Data          16  cardprocess.o(.bss)
    blk1                                     0x20004b16   Data          16  cardprocess.o(.bss)
    blk2                                     0x20004b26   Data          16  cardprocess.o(.bss)
    blk3                                     0x20004b36   Data          16  cardprocess.o(.bss)
    recorddata                               0x20004b46   Data          30  record.o(.bss)
    recorddataup                             0x20004b64   Data          30  record.o(.bss)
    temporarydata                            0x20004b82   Data         300  record.o(.bss)
    def_dataZero                             0x20004cae   Data          12  record.o(.bss)
    Permission_Period                        0x20004cba   Data          32  interval.o(.bss)
    Passage_Timebuff                         0x20004cda   Data          32  interval.o(.bss)
    Holiday_Vacationsbuff                    0x20004cfa   Data          40  interval.o(.bss)
    ec20_device_info                         0x20004d22   Data           9  ec20fun.o(.bss)
    ec20_remoteipbuf                         0x20004d2b   Data          18  ec20fun.o(.bss)
    QR_RxDataBuff                            0x20004d3d   Data          50  qr_code.o(.bss)
    QR_ReadDatabuf                           0x20004d6f   Data          20  qr_code.o(.bss)
    LCDtimebuf                               0x20004d83   Data          16  lcd12864_config.o(.bss)
    Server_Returndata                        0x20004d93   Data          30  upload.o(.bss)
    WP_RxDataBuff                            0x20004db1   Data          50  wisdom_plate.o(.bss)
    Fixed_consum_Moneybuf                    0x20004de3   Data          16  consum_config.o(.bss)
    Fixed_consum_Timerbuf                    0x20004df3   Data          32  consum_config.o(.bss)
    Carte_consum_Moneybuf                    0x20004e13   Data          18  consum_config.o(.bss)
    Receiapbuf                               0x20004e28   Data        1024  iap_updata.o(.bss)
    S0_Rx_Buffer                             0x20005228   Data        2048  w5500.o(.bss)
    S0_Tx_Buffer                             0x20005a28   Data        2048  w5500.o(.bss)
    S1_Rx_Buffer                             0x20006228   Data        2048  w5500.o(.bss)
    S1_Tx_Buffer                             0x20006a28   Data        2048  w5500.o(.bss)
    S2_Rx_Buffer                             0x20007228   Data         100  w5500.o(.bss)
    S2_Tx_Buffer                             0x2000728c   Data         100  w5500.o(.bss)
    TcpClient_databuff                       0x200072f0   Data        2048  rj45cmd.o(.bss)
    TcpServer_databuff                       0x20007af0   Data        2048  rj45cmd.o(.bss)
    UDPClient_databuff                       0x200082f0   Data          50  rj45cmd.o(.bss)
    MenuShowBuf                              0x20008322   Data         280  lcd_config.o(.bss)
    iapbuf                                   0x2000843a   Data        2048  iap.o(.bss)
    __libspace_start                         0x20008c3c   Data          96  libspace.o(.bss)
    __temporary_stack_top$libspace           0x20008c9c   Data           0  libspace.o(.bss)



==============================================================================

Memory Map of the image

  Image Entry point : 0x08006131

  Load Region LR_IROM1 (Base: 0x08006000, Size: 0x000132f8, Max: 0x0001a000, ABSOLUTE, COMPRESSED[0x0001207c])

    Execution Region ER_IROM1 (Base: 0x08006000, Size: 0x00011ae4, Max: 0x0001a000, ABSOLUTE)

    Base Addr    Size         Type   Attr      Idx    E Section Name        Object

    0x08006000   0x00000130   Data   RO          764    RESET               startup_stm32f10x_hd.o
    0x08006130   0x00000008   Code   RO         1688  * !!!main             c_w.l(__main.o)
    0x08006138   0x00000034   Code   RO         1857    !!!scatter          c_w.l(__scatter.o)
    0x0800616c   0x0000005a   Code   RO         1855    !!dczerorl2         c_w.l(__dczerorl2.o)
    0x080061c6   0x00000002   PAD
    0x080061c8   0x0000001c   Code   RO         1859    !!handler_zi        c_w.l(__scatter_zi.o)
    0x080061e4   0x00000002   Code   RO         1732    .ARM.Collect$$libinit$$00000000  c_w.l(libinit.o)
    0x080061e6   0x00000000   Code   RO         1734    .ARM.Collect$$libinit$$00000002  c_w.l(libinit2.o)
    0x080061e6   0x00000000   Code   RO         1736    .ARM.Collect$$libinit$$00000004  c_w.l(libinit2.o)
    0x080061e6   0x00000000   Code   RO         1739    .ARM.Collect$$libinit$$0000000A  c_w.l(libinit2.o)
    0x080061e6   0x00000000   Code   RO         1741    .ARM.Collect$$libinit$$0000000C  c_w.l(libinit2.o)
    0x080061e6   0x00000000   Code   RO         1743    .ARM.Collect$$libinit$$0000000E  c_w.l(libinit2.o)
    0x080061e6   0x00000006   Code   RO         1744    .ARM.Collect$$libinit$$0000000F  c_w.l(libinit2.o)
    0x080061ec   0x00000000   Code   RO         1746    .ARM.Collect$$libinit$$00000011  c_w.l(libinit2.o)
    0x080061ec   0x0000000c   Code   RO         1747    .ARM.Collect$$libinit$$00000012  c_w.l(libinit2.o)
    0x080061f8   0x00000000   Code   RO         1748    .ARM.Collect$$libinit$$00000013  c_w.l(libinit2.o)
    0x080061f8   0x00000000   Code   RO         1750    .ARM.Collect$$libinit$$00000015  c_w.l(libinit2.o)
    0x080061f8   0x00000000   Code   RO         1752    .ARM.Collect$$libinit$$00000017  c_w.l(libinit2.o)
    0x080061f8   0x00000000   Code   RO         1754    .ARM.Collect$$libinit$$00000019  c_w.l(libinit2.o)
    0x080061f8   0x00000000   Code   RO         1756    .ARM.Collect$$libinit$$0000001B  c_w.l(libinit2.o)
    0x080061f8   0x00000000   Code   RO         1758    .ARM.Collect$$libinit$$0000001D  c_w.l(libinit2.o)
    0x080061f8   0x00000000   Code   RO         1760    .ARM.Collect$$libinit$$0000001F  c_w.l(libinit2.o)
    0x080061f8   0x00000000   Code   RO         1762    .ARM.Collect$$libinit$$00000021  c_w.l(libinit2.o)
    0x080061f8   0x00000000   Code   RO         1764    .ARM.Collect$$libinit$$00000023  c_w.l(libinit2.o)
    0x080061f8   0x00000000   Code   RO         1766    .ARM.Collect$$libinit$$00000025  c_w.l(libinit2.o)
    0x080061f8   0x00000000   Code   RO         1770    .ARM.Collect$$libinit$$0000002C  c_w.l(libinit2.o)
    0x080061f8   0x00000000   Code   RO         1772    .ARM.Collect$$libinit$$0000002E  c_w.l(libinit2.o)
    0x080061f8   0x00000000   Code   RO         1774    .ARM.Collect$$libinit$$00000030  c_w.l(libinit2.o)
    0x080061f8   0x00000000   Code   RO         1776    .ARM.Collect$$libinit$$00000032  c_w.l(libinit2.o)
    0x080061f8   0x00000002   Code   RO         1777    .ARM.Collect$$libinit$$00000033  c_w.l(libinit2.o)
    0x080061fa   0x00000002   Code   RO         1805    .ARM.Collect$$libshutdown$$00000000  c_w.l(libshutdown.o)
    0x080061fc   0x00000000   Code   RO         1814    .ARM.Collect$$libshutdown$$00000002  c_w.l(libshutdown2.o)
    0x080061fc   0x00000000   Code   RO         1816    .ARM.Collect$$libshutdown$$00000004  c_w.l(libshutdown2.o)
    0x080061fc   0x00000000   Code   RO         1819    .ARM.Collect$$libshutdown$$00000007  c_w.l(libshutdown2.o)
    0x080061fc   0x00000000   Code   RO         1822    .ARM.Collect$$libshutdown$$0000000A  c_w.l(libshutdown2.o)
    0x080061fc   0x00000000   Code   RO         1824    .ARM.Collect$$libshutdown$$0000000C  c_w.l(libshutdown2.o)
    0x080061fc   0x00000000   Code   RO         1827    .ARM.Collect$$libshutdown$$0000000F  c_w.l(libshutdown2.o)
    0x080061fc   0x00000002   Code   RO         1828    .ARM.Collect$$libshutdown$$00000010  c_w.l(libshutdown2.o)
    0x080061fe   0x00000000   Code   RO         1692    .ARM.Collect$$rtentry$$00000000  c_w.l(__rtentry.o)
    0x080061fe   0x00000000   Code   RO         1696    .ARM.Collect$$rtentry$$00000002  c_w.l(__rtentry2.o)
    0x080061fe   0x00000006   Code   RO         1708    .ARM.Collect$$rtentry$$00000004  c_w.l(__rtentry4.o)
    0x08006204   0x00000000   Code   RO         1698    .ARM.Collect$$rtentry$$00000009  c_w.l(__rtentry2.o)
    0x08006204   0x00000004   Code   RO         1699    .ARM.Collect$$rtentry$$0000000A  c_w.l(__rtentry2.o)
    0x08006208   0x00000000   Code   RO         1701    .ARM.Collect$$rtentry$$0000000C  c_w.l(__rtentry2.o)
    0x08006208   0x00000008   Code   RO         1702    .ARM.Collect$$rtentry$$0000000D  c_w.l(__rtentry2.o)
    0x08006210   0x00000002   Code   RO         1778    .ARM.Collect$$rtexit$$00000000  c_w.l(rtexit.o)
    0x08006212   0x00000000   Code   RO         1785    .ARM.Collect$$rtexit$$00000002  c_w.l(rtexit2.o)
    0x08006212   0x00000004   Code   RO         1786    .ARM.Collect$$rtexit$$00000003  c_w.l(rtexit2.o)
    0x08006216   0x00000006   Code   RO         1787    .ARM.Collect$$rtexit$$00000004  c_w.l(rtexit2.o)
    0x0800621c   0x00000006   Code   RO          713    .emb_text           sys.o
    0x08006222   0x00000002   PAD
    0x08006224   0x00000234   Code   RO            1    .text               main.o
    0x08006458   0x0000001a   Code   RO          333    .text               stm32f10x_it.o
    0x08006472   0x00000002   PAD
    0x08006474   0x000001e0   Code   RO          374    .text               system_stm32f10x.o
    0x08006654   0x00000034   Code   RO          395    .text               led.o
    0x08006688   0x00000034   Code   RO          426    .text               beep.o
    0x080066bc   0x00000274   Code   RO          438    .text               timer.o
    0x08006930   0x0000026c   Code   RO          459    .text               myiic.o
    0x08006b9c   0x00000058   Code   RO          471    .text               relay.o
    0x08006bf4   0x000003d4   Code   RO          483    .text               w25qxx.o
    0x08006fc8   0x000000e0   Code   RO          502    .text               spi.o
    0x080070a8   0x0000002c   Code   RO          517    .text               wdg.o
    0x080070d4   0x00000034   Code   RO          541    .text               sysrest.o
    0x08007108   0x000001de   Code   RO          553    .text               24cxx.o
    0x080072e6   0x00000002   PAD
    0x080072e8   0x00000098   Code   RO          567    .text               rs485.o
    0x08007380   0x00000220   Code   RO          581    .text               wg1.o
    0x080075a0   0x00000220   Code   RO          603    .text               wg2.o
    0x080077c0   0x000001de   Code   RO          622    .text               24cxx_2.o
    0x0800799e   0x00000002   PAD
    0x080079a0   0x0000026c   Code   RO          634    .text               myiic_2.o
    0x08007c0c   0x0000096c   Code   RO          646    .text               ec20.o
    0x08008578   0x0000008c   Code   RO          669    .text               volume.o
    0x08008604   0x000001ec   Code   RO          684    .text               stmflash.o
    0x080087f0   0x000000d4   Code   RO          699    .text               delay.o
    0x080088c4   0x000004b8   Code   RO          730    .text               usart.o
    0x08008d7c   0x00000040   Code   RO          765    .text               startup_stm32f10x_hd.o
    0x08008dbc   0x000000dc   Code   RO          769    .text               misc.o
    0x08008e98   0x0000035c   Code   RO          781    .text               stm32f10x_gpio.o
    0x080091f4   0x000003a4   Code   RO          793    .text               stm32f10x_rcc.o
    0x08009598   0x00000408   Code   RO          807    .text               stm32f10x_usart.o
    0x080099a0   0x00000e1a   Code   RO          819    .text               stm32f10x_tim.o
    0x0800a7ba   0x00000002   PAD
    0x0800a7bc   0x0000011c   Code   RO          879    .text               stm32f10x_exti.o
    0x0800a8d8   0x000005bc   Code   RO          891    .text               stm32f10x_flash.o
    0x0800ae94   0x00000040   Code   RO          903    .text               stm32f10x_iwdg.o
    0x0800aed4   0x0000030c   Code   RO          939    .text               stm32f10x_spi.o
    0x0800b1e0   0x00000130   Code   RO          963    .text               rc522_config.o
    0x0800b310   0x000006de   Code   RO          977    .text               rc522_function.o
    0x0800b9ee   0x00000002   PAD
    0x0800b9f0   0x0000041c   Code   RO          989    .text               ds1302.o
    0x0800be0c   0x000002a0   Code   RO         1007    .text               sysvar.o
    0x0800c0ac   0x000003e4   Code   RO         1031    .text               keyfun.o
    0x0800c490   0x00000400   Code   RO         1058    .text               syscomm.o
    0x0800c890   0x00001d10   Code   RO         1076    .text               comcmd.o
    0x0800e5a0   0x000003f4   Code   RO         1100    .text               name.o
    0x0800e994   0x00000464   Code   RO         1122    .text               cardprocess.o
    0x0800edf8   0x00000088   Code   RO         1141    .text               pass.o
    0x0800ee80   0x000000b0   Code   RO         1155    .text               default.o
    0x0800ef30   0x00000588   Code   RO         1173    .text               record.o
    0x0800f4b8   0x0000004c   Code   RO         1196    .text               mach.o
    0x0800f504   0x00000278   Code   RO         1234    .text               cardrw.o
    0x0800f77c   0x000003ac   Code   RO         1252    .text               blackname.o
    0x0800fb28   0x00000254   Code   RO         1270    .text               interval.o
    0x0800fd7c   0x000001c4   Code   RO         1290    .text               ec20fun.o
    0x0800ff40   0x00000250   Code   RO         1309    .text               qr_code.o
    0x08010190   0x00000180   Code   RO         1328    .text               speak.o
    0x08010310   0x0000007c   Code   RO         1344    .text               heartbeat.o
    0x0801038c   0x000002f8   Code   RO         1362    .text               lcd12864.o
    0x08010684   0x0000083c   Code   RO         1376    .text               lcd12864_config.o
    0x08010ec0   0x0000036c   Code   RO         1397    .text               upload.o
    0x0801122c   0x0000033c   Code   RO         1416    .text               tm1650.o
    0x08011568   0x00000220   Code   RO         1433    .text               wisdom_plate.o
    0x08011788   0x00000148   Code   RO         1452    .text               consum_config.o
    0x080118d0   0x00000288   Code   RO         1472    .text               iap_updata.o
    0x08011b58   0x000012f4   Code   RO         1496    .text               menu.o
    0x08012e4c   0x00000238   Code   RO         1521    .text               menufun.o
    0x08013084   0x00000b58   Code   RO         1539    .text               w5500.o
    0x08013bdc   0x0000049c   Code   RO         1558    .text               w5500_config.o
    0x08014078   0x0000038c   Code   RO         1573    .text               rj45cmd.o
    0x08014404   0x000005e6   Code   RO         1593    .text               lcd_dis.o
    0x080149ea   0x00000002   PAD
    0x080149ec   0x000027dc   Code   RO         1611    .text               lcd_config.o
    0x080171c8   0x000000ac   Code   RO         1635    .text               crc.o
    0x08017274   0x00000094   Code   RO         1654    .text               iap.o
    0x08017308   0x00000002   Code   RO         1672    .text               c_w.l(use_no_semi_2.o)
    0x0801730a   0x0000001e   Code   RO         1674    .text               c_w.l(toupper.o)
    0x08017328   0x00000024   Code   RO         1676    .text               c_w.l(strstr.o)
    0x0801734c   0x0000008a   Code   RO         1678    .text               c_w.l(rt_memcpy_v6.o)
    0x080173d6   0x00000064   Code   RO         1680    .text               c_w.l(rt_memcpy_w.o)
    0x0801743a   0x00000044   Code   RO         1682    .text               c_w.l(rt_memclr.o)
    0x0801747e   0x0000004e   Code   RO         1684    .text               c_w.l(rt_memclr_w.o)
    0x080174cc   0x00000006   Code   RO         1686    .text               c_w.l(heapauxi.o)
    0x080174d2   0x00000002   Code   RO         1690    .text               c_w.l(use_no_semi.o)
    0x080174d4   0x00000010   Code   RO         1693    .text               c_w.l(rt_ctype_table.o)
    0x080174e4   0x00000008   Code   RO         1713    .text               c_w.l(rt_locale_intlibspace.o)
    0x080174ec   0x00000008   Code   RO         1718    .text               c_w.l(libspace.o)
    0x080174f4   0x0000004a   Code   RO         1721    .text               c_w.l(sys_stackheap_outer.o)
    0x0801753e   0x00000012   Code   RO         1723    .text               c_w.l(exit.o)
    0x08017550   0x00000080   Code   RO         1725    .text               c_w.l(strcmpv7m.o)
    0x080175d0   0x0000002c   Code   RO         1716    locale$$code        c_w.l(lc_ctype_c.o)
    0x080175fc   0x000000aa   Data   RO          648    .constdata          ec20.o
    0x080176a6   0x00000002   PAD
    0x080176a8   0x0000000a   Data   RO          670    .constdata          volume.o
    0x080176b2   0x00000002   PAD
    0x080176b4   0x0000000e   Data   RO         1078    .constdata          comcmd.o
    0x080176c2   0x00000002   PAD
    0x080176c4   0x00000004   Data   RO         1329    .constdata          speak.o
    0x080176c8   0x0000004a   Data   RO         1378    .constdata          lcd12864_config.o
    0x08017712   0x00000002   PAD
    0x08017714   0x00000004   Data   RO         1474    .constdata          iap_updata.o
    0x08017718   0x00000004   Data   RO         1575    .constdata          rj45cmd.o
    0x0801771c   0x00000098   Data   RO         1613    .constdata          lcd_config.o
    0x080177b4   0x00000200   Data   RO         1636    .constdata          crc.o
    0x080179b4   0x00000020   Data   RO         1853    Region$$Table       anon$$obj.o
    0x080179d4   0x00000110   Data   RO         1715    locale$$data        c_w.l(lc_ctype_c.o)


    Execution Region RW_IRAM1 (Base: 0x20000000, Size: 0x000092a0, Max: 0x0000c000, ABSOLUTE, COMPRESSED[0x00000598])

    Base Addr    Size         Type   Attr      Idx    E Section Name        Object

    0x20000000   0x00000014   Data   RW          375    .data               system_stm32f10x.o
    0x20000014   0x00000006   Data   RW          439    .data               timer.o
    0x2000001a   0x00000002   PAD
    0x2000001c   0x0000000c   Data   RW          583    .data               wg1.o
    0x20000028   0x0000000c   Data   RW          605    .data               wg2.o
    0x20000034   0x00000042   Data   RW          649    .data               ec20.o
    0x20000076   0x00000004   Data   RW          700    .data               delay.o
    0x2000007a   0x00000002   PAD
    0x2000007c   0x00000015   Data   RW          731    .data               usart.o
    0x20000091   0x00000014   Data   RW          794    .data               stm32f10x_rcc.o
    0x200000a5   0x00000003   PAD
    0x200000a8   0x00000014   Data   RW          990    .data               ds1302.o
    0x200000bc   0x0000004f   Data   RW         1009    .data               sysvar.o
    0x2000010b   0x00000001   PAD
    0x2000010c   0x00000014   Data   RW         1033    .data               keyfun.o
    0x20000120   0x00000047   Data   RW         1079    .data               comcmd.o
    0x20000167   0x00000001   PAD
    0x20000168   0x00000028   Data   RW         1101    .data               name.o
    0x20000190   0x00000032   Data   RW         1124    .data               cardprocess.o
    0x200001c2   0x00000002   PAD
    0x200001c4   0x0000002f   Data   RW         1156    .data               default.o
    0x200001f3   0x00000001   PAD
    0x200001f4   0x0000003e   Data   RW         1175    .data               record.o
    0x20000232   0x00000002   PAD
    0x20000234   0x00000010   Data   RW         1197    .data               mach.o
    0x20000244   0x000000b4   Data   RW         1235    .data               cardrw.o
    0x200002f8   0x00000020   Data   RW         1253    .data               blackname.o
    0x20000318   0x00000024   Data   RW         1272    .data               interval.o
    0x2000033c   0x00000008   Data   RW         1292    .data               ec20fun.o
    0x20000344   0x0000001c   Data   RW         1311    .data               qr_code.o
    0x20000360   0x00000008   Data   RW         1330    .data               speak.o
    0x20000368   0x0000000c   Data   RW         1345    .data               heartbeat.o
    0x20000374   0x0000001c   Data   RW         1379    .data               lcd12864_config.o
    0x20000390   0x0000001f   Data   RW         1399    .data               upload.o
    0x200003af   0x00000001   PAD
    0x200003b0   0x00000006   Data   RW         1417    .data               tm1650.o
    0x200003b6   0x00000002   PAD
    0x200003b8   0x00000026   Data   RW         1435    .data               wisdom_plate.o
    0x200003de   0x00000002   PAD
    0x200003e0   0x00000015   Data   RW         1454    .data               consum_config.o
    0x200003f5   0x00000003   PAD
    0x200003f8   0x00000018   Data   RW         1475    .data               iap_updata.o
    0x20000410   0x00000990   Data   RW         1497    .data               menu.o
    0x20000da0   0x00000a17   Data   RW         1522    .data               menufun.o
    0x200017b7   0x00000032   Data   RW         1541    .data               w5500.o
    0x200017e9   0x00000003   PAD
    0x200017ec   0x0000000c   Data   RW         1559    .data               w5500_config.o
    0x200017f8   0x00000013   Data   RW         1614    .data               lcd_config.o
    0x2000180b   0x00000002   Data   RW         1637    .data               crc.o
    0x2000180d   0x00000003   PAD
    0x20001810   0x00000004   Data   RW         1656    .data               iap.o
    0x20001814   0x00001000   Zero   RW          484    .bss                w25qxx.o
    0x20002814   0x00000012   Zero   RW          503    .bss                spi.o
    0x20002826   0x00000022   Zero   RW          582    .bss                wg1.o
    0x20002848   0x00000022   Zero   RW          604    .bss                wg2.o
    0x2000286a   0x00000a1c   Zero   RW          647    .bss                ec20.o
    0x20003286   0x00000800   Zero   RW          685    .bss                stmflash.o
    0x20003a86   0x00000016   Zero   RW         1008    .bss                sysvar.o
    0x20003a9c   0x0000006a   Zero   RW         1032    .bss                keyfun.o
    0x20003b06   0x00001000   Zero   RW         1077    .bss                comcmd.o
    0x20004b06   0x00000040   Zero   RW         1123    .bss                cardprocess.o
    0x20004b46   0x00000174   Zero   RW         1174    .bss                record.o
    0x20004cba   0x00000068   Zero   RW         1271    .bss                interval.o
    0x20004d22   0x0000001b   Zero   RW         1291    .bss                ec20fun.o
    0x20004d3d   0x00000046   Zero   RW         1310    .bss                qr_code.o
    0x20004d83   0x00000010   Zero   RW         1377    .bss                lcd12864_config.o
    0x20004d93   0x0000001e   Zero   RW         1398    .bss                upload.o
    0x20004db1   0x00000032   Zero   RW         1434    .bss                wisdom_plate.o
    0x20004de3   0x00000042   Zero   RW         1453    .bss                consum_config.o
    0x20004e25   0x00000003   PAD
    0x20004e28   0x00000400   Zero   RW         1473    .bss                iap_updata.o
    0x20005228   0x000020c8   Zero   RW         1540    .bss                w5500.o
    0x200072f0   0x00001032   Zero   RW         1574    .bss                rj45cmd.o
    0x20008322   0x00000118   Zero   RW         1612    .bss                lcd_config.o
    0x2000843a   0x00000800   Zero   RW         1655    .bss                iap.o
    0x20008c3a   0x00000002   PAD
    0x20008c3c   0x00000060   Zero   RW         1719    .bss                c_w.l(libspace.o)
    0x20008c9c   0x00000004   PAD
    0x20008ca0   0x00000200   Zero   RW          763    HEAP                startup_stm32f10x_hd.o
    0x20008ea0   0x00000400   Zero   RW          762    STACK               startup_stm32f10x_hd.o


==============================================================================

Image component sizes


      Code (inc. data)   RO Data    RW Data    ZI Data      Debug   Object Name

       478          0          0          0          0       3363   24cxx.o
       478          0          0          0          0       3399   24cxx_2.o
        52          6          0          0          0        508   beep.o
       940         34          0         32          0       4397   blackname.o
      1124        146          0         50         64       3918   cardprocess.o
       632         74          0        180          0       3354   cardrw.o
      7440        644         14         71       4096      19836   comcmd.o
       328         34          0         21         66       3381   consum_config.o
       172         12        512          2          0       1519   crc.o
       176         46          0         47          0       1927   default.o
       212         18          0          4          0       1079   delay.o
      1052         24          0         20          0       3272   ds1302.o
      2412        226        170         66       2588       8932   ec20.o
       452         78          0          8         27       2261   ec20fun.o
       124         38          0         12          0       1475   heartbeat.o
       148         14          0          4       2048       1714   iap.o
       648         78          4         24       1024      18775   iap_updata.o
       596         54          0         36        104       3406   interval.o
       996         74          0         20        106       4115   keyfun.o
       760         16          0          0          0       3573   lcd12864.o
      2108        436         74         28         16       3651   lcd12864_config.o
     10204       2084        152         19        280       9173   lcd_config.o
      1510          6          0          0          0       6362   lcd_dis.o
        52          6          0          0          0        503   led.o
        76          8          0         16          0       1270   mach.o
       564         32          0          0          0     291260   main.o
      4852        352          0       2448          0      11893   menu.o
       568         98          0       2583          0       3071   menufun.o
       220         22          0          0          0       1841   misc.o
       620         14          0          0          0       1904   myiic.o
       620         14          0          0          0       1944   myiic_2.o
      1012         42          0         40          0       4294   name.o
       136          8          0          0          0       1368   pass.o
       592         92          0         28         70       3010   qr_code.o
       304         20          0          0          0       1013   rc522_config.o
      1758         12          0          0          0       7164   rc522_function.o
      1416        174          0         62        372       6083   record.o
        88         10          0          0          0        537   relay.o
       908        106          4          0       4146       3933   rj45cmd.o
       152         14          0          0          0       1357   rs485.o
       384         16          4          8          0       2534   speak.o
       224         12          0          0         18       1337   spi.o
        64         26        304          0       1536        800   startup_stm32f10x_hd.o
       284         10          0          0          0       2295   stm32f10x_exti.o
      1468         34          0          0          0       8246   stm32f10x_flash.o
       860         38          0          0          0       5773   stm32f10x_gpio.o
        26          0          0          0          0       1198   stm32f10x_it.o
        64          6          0          0          0       1297   stm32f10x_iwdg.o
       932         36          0         20          0       8968   stm32f10x_rcc.o
       780         14          0          0          0       6654   stm32f10x_spi.o
      3610         88          0          0          0      22880   stm32f10x_tim.o
      1032         22          0          0          0       8496   stm32f10x_usart.o
       492          8          0          0       2048       3361   stmflash.o
         6          0          0          0          0        372   sys.o
      1024         36          0          0          0       7128   syscomm.o
        52          6          0          0          0        527   sysrest.o
       480         38          0         20          0       1799   system_stm32f10x.o
       672         82          0         79         22       4818   sysvar.o
       628         94          0          6          0       2157   timer.o
       828         54          0          6          0       3457   tm1650.o
       876        114          0         31         30       2493   upload.o
      1208        104          0         21          0       5335   usart.o
       140         12         10          0          0       1140   volume.o
       980         16          0          0       4096       5097   w25qxx.o
      2904        120          0         50       8392      12355   w5500.o
      1180        122          0         12          0       4522   w5500_config.o
        44          0          0          0          0        682   wdg.o
       544         28          0         12         34       2507   wg1.o
       544         28          0         12         34       2507   wg2.o
       544         80          0         38         50       3604   wisdom_plate.o

    ----------------------------------------------------------------------
     69868       6410       1288       6164      31272     590174   Object Totals
         0          0         32          0          0          0   (incl. Generated)
        14          0          8         28          5          0   (incl. Padding)

    ----------------------------------------------------------------------

      Code (inc. data)   RO Data    RW Data    ZI Data      Debug   Library Member Name

        90          0          0          0          0          0   __dczerorl2.o
         8          0          0          0          0         68   __main.o
         0          0          0          0          0          0   __rtentry.o
        12          0          0          0          0          0   __rtentry2.o
         6          0          0          0          0          0   __rtentry4.o
        52          8          0          0          0          0   __scatter.o
        28          0          0          0          0          0   __scatter_zi.o
        18          0          0          0          0         80   exit.o
         6          0          0          0          0        152   heapauxi.o
        44         10        272          0          0         76   lc_ctype_c.o
         2          0          0          0          0          0   libinit.o
        20          0          0          0          0          0   libinit2.o
         2          0          0          0          0          0   libshutdown.o
         2          0          0          0          0          0   libshutdown2.o
         8          4          0          0         96         68   libspace.o
        16          4          0          0          0         76   rt_ctype_table.o
         8          4          0          0          0         68   rt_locale_intlibspace.o
        68          0          0          0          0         68   rt_memclr.o
        78          0          0          0          0         80   rt_memclr_w.o
       138          0          0          0          0         68   rt_memcpy_v6.o
       100          0          0          0          0         80   rt_memcpy_w.o
         2          0          0          0          0          0   rtexit.o
        10          0          0          0          0          0   rtexit2.o
       128          0          0          0          0         68   strcmpv7m.o
        36          0          0          0          0         80   strstr.o
        74          0          0          0          0         80   sys_stackheap_outer.o
        30          0          0          0          0         76   toupper.o
         2          0          0          0          0         68   use_no_semi.o
         2          0          0          0          0         68   use_no_semi_2.o

    ----------------------------------------------------------------------
       992         30        272          0        100       1324   Library Totals
         2          0          0          0          4          0   (incl. Padding)

    ----------------------------------------------------------------------

      Code (inc. data)   RO Data    RW Data    ZI Data      Debug   Library Name

       990         30        272          0         96       1324   c_w.l

    ----------------------------------------------------------------------
       992         30        272          0        100       1324   Library Totals

    ----------------------------------------------------------------------

==============================================================================


      Code (inc. data)   RO Data    RW Data    ZI Data      Debug   

     70860       6440       1560       6164      31372     585046   Grand Totals
     70860       6440       1560       1432      31372     585046   ELF Image Totals (compressed)
     70860       6440       1560       1432          0          0   ROM Totals

==============================================================================

    Total RO  Size (Code + RO Data)                72420 (  70.72kB)
    Total RW  Size (RW Data + ZI Data)             37536 (  36.66kB)
    Total ROM Size (Code + RO Data + RW Data)      73852 (  72.12kB)

==============================================================================

