Component: ARM Compiler 5.06 update 4 (build 422) Tool: armlink [4d35d2]

==============================================================================

Section Cross References

    main.o(.text) refers to delay.o(.text) for delay_init
    main.o(.text) refers to misc.o(.text) for NVIC_PriorityGroupConfig
    main.o(.text) refers to usart.o(.text) for uart_init
    main.o(.text) refers to timer.o(.text) for TIM3_Int_Init
    main.o(.text) refers to led.o(.text) for LED_Init
    main.o(.text) refers to beep.o(.text) for BEEP_Init
    main.o(.text) refers to relay.o(.text) for RELAY_Init
    main.o(.text) refers to rc522_config.o(.text) for RC522_Init
    main.o(.text) refers to 24cxx.o(.text) for AT24CXX_Init
    main.o(.text) refers to 24cxx_2.o(.text) for AT24CXX_2_Init
    main.o(.text) refers to ds1302.o(.text) for DS1302_Init
    main.o(.text) refers to w25qxx.o(.text) for SPI_Flash_Init
    main.o(.text) refers to rs485.o(.text) for RS485_Init
    main.o(.text) refers to wg1.o(.text) for EXTIX_Init_WG1
    main.o(.text) refers to wg2.o(.text) for EXTIX_Init_WG2
    main.o(.text) refers to w5500_config.o(.text) for W5500_SYSTEM_Init
    main.o(.text) refers to sysrest.o(.text) for SYSREST_KEY_Init
    main.o(.text) refers to ec20.o(.text) for EC20_REST_Init
    main.o(.text) refers to tm1650.o(.text) for TM16_INIT
    main.o(.text) refers to speak.o(.text) for SPEAK_USART_TX_init
    main.o(.text) refers to lcd_dis.o(.text) for LCD_Config
    main.o(.text) refers to rj45cmd.o(.text) for InitTcpClient
    main.o(.text) refers to sysvar.o(.text) for InitOutput
    main.o(.text) refers to syscomm.o(.text) for InitSysvar
    main.o(.text) refers to record.o(.text) for InitRecord
    main.o(.text) refers to mach.o(.text) for InitMachno
    main.o(.text) refers to pass.o(.text) for InitPassword
    main.o(.text) refers to name.o(.text) for InitName
    main.o(.text) refers to default.o(.text) for Initnewdate_addr
    main.o(.text) refers to comcmd.o(.text) for InitCombuff
    main.o(.text) refers to interval.o(.text) for InitTime_Interval_Detection
    main.o(.text) refers to heartbeat.o(.text) for Init_Heartbeat
    main.o(.text) refers to ec20fun.o(.text) for Init_EC20_Remote_IP
    main.o(.text) refers to volume.o(.text) for InitVolume
    main.o(.text) refers to consum_config.o(.text) for InitFixed_consumption_Money
    main.o(.text) refers to system_stm32f10x.o(.text) for SystemInit
    main.o(.text) refers to wdg.o(.text) for IWDG_Init
    main.o(.text) refers to menu.o(.text) for fun5
    main.o(.text) refers to iap_updata.o(.text) for Clear_IAP_OK_System_Boot
    main.o(.text) refers to cardprocess.o(.text) for CheckCard
    main.o(.text) refers to upload.o(.text) for ProcessReal_time_upload
    main.o(.text) refers to sysvar.o(.data) for output_time
    main.o(.text) refers to interval.o(.data) for bChannel
    main.o(.text) refers to heartbeat.o(.data) for kt_beat_info
    main.o(.text) refers to cardprocess.o(.data) for Enable_Pay_Card
    system_stm32f10x.o(.text) refers to system_stm32f10x.o(.data) for SystemCoreClock
    led.o(.text) refers to stm32f10x_rcc.o(.text) for RCC_APB2PeriphClockCmd
    led.o(.text) refers to stm32f10x_gpio.o(.text) for GPIO_Init
    key.o(.text) refers to stm32f10x_rcc.o(.text) for RCC_APB2PeriphClockCmd
    key.o(.text) refers to stm32f10x_gpio.o(.text) for GPIO_Init
    key.o(.text) refers to key.o(.data) for count
    beep.o(.text) refers to stm32f10x_rcc.o(.text) for RCC_APB2PeriphClockCmd
    beep.o(.text) refers to stm32f10x_gpio.o(.text) for GPIO_Init
    timer.o(.text) refers to stm32f10x_rcc.o(.text) for RCC_APB1PeriphClockCmd
    timer.o(.text) refers to stm32f10x_tim.o(.text) for TIM_TimeBaseInit
    timer.o(.text) refers to misc.o(.text) for NVIC_Init
    timer.o(.text) refers to sysvar.o(.data) for showStandby
    timer.o(.text) refers to cardprocess.o(.data) for idcycleflag
    timer.o(.text) refers to ec20.o(.data) for g_u16OverTimeCnt
    timer.o(.text) refers to upload.o(.data) for upOverTimeCnt
    timer.o(.text) refers to timer.o(.data) for timerdelay
    timer.o(.text) refers to record.o(.data) for rdtemporary_count
    timer.o(.text) refers to heartbeat.o(.data) for kt_beat_info
    myiic.o(.text) refers to stm32f10x_rcc.o(.text) for RCC_APB2PeriphClockCmd
    myiic.o(.text) refers to stm32f10x_gpio.o(.text) for GPIO_Init
    myiic.o(.text) refers to delay.o(.text) for delay_us
    relay.o(.text) refers to stm32f10x_rcc.o(.text) for RCC_APB2PeriphClockCmd
    relay.o(.text) refers to stm32f10x_gpio.o(.text) for GPIO_Init
    w25qxx.o(.text) refers to spi.o(.text) for SPI1_ReadWriteByte
    w25qxx.o(.text) refers to stm32f10x_rcc.o(.text) for RCC_APB2PeriphClockCmd
    w25qxx.o(.text) refers to stm32f10x_gpio.o(.text) for GPIO_Init
    w25qxx.o(.text) refers to delay.o(.text) for delay_us
    w25qxx.o(.text) refers to w25qxx.o(.bss) for SPI_FLASH_BUF
    spi.o(.text) refers to stm32f10x_spi.o(.text) for SPI_I2S_GetFlagStatus
[...]
    Set_TCP_Mode                             0x0800ca95   Thumb Code    90  comcmd.o(.text)
    Set_This_MAC                             0x0800caef   Thumb Code    58  comcmd.o(.text)
    Get_This_MAC                             0x0800cb29   Thumb Code    30  comcmd.o(.text)
    Set_TCP_Local_IP                         0x0800cb47   Thumb Code    60  comcmd.o(.text)
    Get_TCP_Local_IP                         0x0800cb83   Thumb Code   166  comcmd.o(.text)
    Set_TCP_Remote_IP                        0x0800cc29   Thumb Code    58  comcmd.o(.text)
    Get_TCP_Remote_IP                        0x0800cc63   Thumb Code    38  comcmd.o(.text)
    Set_TCP4G_Remote_IP                      0x0800cc89   Thumb Code    62  comcmd.o(.text)
    Get_TCP4G_Remote_IP                      0x0800ccc7   Thumb Code    34  comcmd.o(.text)
    Set_Open_Door                            0x0800cce9   Thumb Code   266  comcmd.o(.text)
    Set_NO_Open_Door                         0x0800cdf3   Thumb Code    22  comcmd.o(.text)
    Realtime_Upload_Record                   0x0800ce09   Thumb Code     2  comcmd.o(.text)
    Realtime_Upload_Return                   0x0800ce0b   Thumb Code    42  comcmd.o(.text)
    GetUpdataRecordCount                     0x0800ce35   Thumb Code    44  comcmd.o(.text)
    GetUpdata_MaxRecord                      0x0800ce61   Thumb Code   162  comcmd.o(.text)
    ClearUpdataRecord                        0x0800cf03   Thumb Code    18  comcmd.o(.text)
    UpdataRecordTEST                         0x0800cf15   Thumb Code    30  comcmd.o(.text)
    Get_Heartbeat_Send                       0x0800cf33   Thumb Code    10  comcmd.o(.text)
    Heartbeat_Return                         0x0800cf3d   Thumb Code    14  comcmd.o(.text)
    Network_Synchronization_Time             0x0800cf4b   Thumb Code    76  comcmd.o(.text)
    Send_Power_Signal                        0x0800cf97   Thumb Code    52  comcmd.o(.text)
    GetBackWhiteNamesize                     0x0800cfcb   Thumb Code   310  comcmd.o(.text)
    SetWhiteGroupName                        0x0800d101   Thumb Code   304  comcmd.o(.text)
    GetWhiteGroupName                        0x0800d231   Thumb Code   290  comcmd.o(.text)
    ClearWhiteName                           0x0800d353   Thumb Code    34  comcmd.o(.text)
    AddOneWhiteGroupName                     0x0800d375   Thumb Code    32  comcmd.o(.text)
    DelOneWhiteGroupName                     0x0800d395   Thumb Code    32  comcmd.o(.text)
    SetBackGroupName                         0x0800d3b5   Thumb Code   204  comcmd.o(.text)
    GetBackGroupName                         0x0800d481   Thumb Code   328  comcmd.o(.text)
    ClearBackName                            0x0800d5c9   Thumb Code    34  comcmd.o(.text)
    AddOneBackGroupName                      0x0800d5eb   Thumb Code    34  comcmd.o(.text)
    DelOneBackGroupName                      0x0800d60d   Thumb Code    34  comcmd.o(.text)
    GetMaxRecordCount                        0x0800d62f   Thumb Code   104  comcmd.o(.text)
    GetRecord_Address                        0x0800d697   Thumb Code   320  comcmd.o(.text)
    Get_MaxRecord                            0x0800d7d7   Thumb Code   128  comcmd.o(.text)
    ClearRecord                              0x0800d857   Thumb Code   108  comcmd.o(.text)
    Set_Interval_delay                       0x0800d8c3   Thumb Code    56  comcmd.o(.text)
    Set_ReadorWriteICData_Mode               0x0800d8fb   Thumb Code   106  comcmd.o(.text)
    Set_Check_Sector_Password_Mode           0x0800d965   Thumb Code    50  comcmd.o(.text)
    Get_Extvar                               0x0800d997   Thumb Code    28  comcmd.o(.text)
    Set_Permission_Period                    0x0800d9b3   Thumb Code    52  comcmd.o(.text)
    Get_Permission_Period                    0x0800d9e7   Thumb Code    12  comcmd.o(.text)
    Set_Passage_Time_Enable                  0x0800d9f3   Thumb Code    52  comcmd.o(.text)
    Set_Passage_Time                         0x0800da27   Thumb Code    52  comcmd.o(.text)
    Get_Passage_Time                         0x0800da5b   Thumb Code    12  comcmd.o(.text)
    Set_Holiday_Vacations                    0x0800da67   Thumb Code    52  comcmd.o(.text)
    Get_Holiday_Vacations                    0x0800da9b   Thumb Code    12  comcmd.o(.text)
    TEST_GQ                                  0x0800daa7   Thumb Code    20  comcmd.o(.text)
    Set_Sub_Maximum_Limit                    0x0800dabb   Thumb Code    30  comcmd.o(.text)
    Get_Sub_Maximum_Limit                    0x0800dad9   Thumb Code    12  comcmd.o(.text)
    Set_Machine_Category                     0x0800dae5   Thumb Code    30  comcmd.o(.text)
    Get_Machine_Category                     0x0800db03   Thumb Code    12  comcmd.o(.text)
    Set_Fixed_consumption_Timer              0x0800db0f   Thumb Code    30  comcmd.o(.text)
    Get_Fixed_consumption_Timer              0x0800db2d   Thumb Code    12  comcmd.o(.text)
    Set_Fixed_consumption_Money              0x0800db39   Thumb Code    30  comcmd.o(.text)
    Get_Fixed_consumption_Money              0x0800db57   Thumb Code    12  comcmd.o(.text)
    Set_Carte_Consum_Money                   0x0800db63   Thumb Code    30  comcmd.o(.text)
    Get_Carte_Consum_Money                   0x0800db81   Thumb Code    12  comcmd.o(.text)
    Query_Balance_Return                     0x0800db8d   Thumb Code   378  comcmd.o(.text)
    Get_Total_Consumption                    0x0800dd07   Thumb Code    12  comcmd.o(.text)
    Set_Clean_Total_Consumption              0x0800dd13   Thumb Code    38  comcmd.o(.text)
    Get_GPS_Information                      0x0800dd39   Thumb Code   124  comcmd.o(.text)
    AutoUP_GPS_Information                   0x0800ddb5   Thumb Code   156  comcmd.o(.text)
    Get_IMEI_IMSI_Machno                     0x0800de51   Thumb Code    54  comcmd.o(.text)
    Set_IAP_Start_Update                     0x0800de87   Thumb Code    46  comcmd.o(.text)
    Set_Handle_IAP_Data                      0x0800deb5   Thumb Code    56  comcmd.o(.text)
    Set_Check_IAP_END_Updata                 0x0800deed   Thumb Code    60  comcmd.o(.text)
    Get_IAP_Read_Data                        0x0800df29   Thumb Code   276  comcmd.o(.text)
    Set_IAP_Updata_OK                        0x0800e03d   Thumb Code    22  comcmd.o(.text)
    InitCombuff                              0x0800e053   Thumb Code    24  comcmd.o(.text)
    Process_com_data                         0x0800e06b   Thumb Code   998  comcmd.o(.text)
    ProcessRS485                             0x0800e451   Thumb Code   158  comcmd.o(.text)
    SaveGroupCount                           0x0800e511   Thumb Code    40  name.o(.text)
    GetGroupCount                            0x0800e539   Thumb Code    34  name.o(.text)
    SaveCommCount                            0x0800e55b   Thumb Code    32  name.o(.text)
    GetCommCount                             0x0800e57b   Thumb Code    28  name.o(.text)
    GetGroupAddress                          0x0800e597   Thumb Code    14  name.o(.text)
    InitName                                 0x0800e5a5   Thumb Code    12  name.o(.text)
    MakeGroup                                0x0800e5b1   Thumb Code    68  name.o(.text)
    FindCardno                               0x0800e5f5   Thumb Code   160  name.o(.text)
    AddCardno                                0x0800e695   Thumb Code   106  name.o(.text)
    CommFindCardno                           0x0800e6ff   Thumb Code   134  name.o(.text)
    DelCardno                                0x0800e785   Thumb Code   214  name.o(.text)
    DelAllCardno                             0x0800e85b   Thumb Code    46  name.o(.text)
    DelOneCardno                             0x0800e889   Thumb Code    36  name.o(.text)
    AddOneCardno                             0x0800e8ad   Thumb Code    46  name.o(.text)
    ProcessCard                              0x0800e905   Thumb Code   410  cardprocess.o(.text)
    ReadSectionData                          0x0800ea9f   Thumb Code   178  cardprocess.o(.text)
    FindICCard                               0x0800eb51   Thumb Code   116  cardprocess.o(.text)
    CheckCard                                0x0800ebc5   Thumb Code    80  cardprocess.o(.text)
    Check_Card_Limit                         0x0800ec15   Thumb Code   166  cardprocess.o(.text)
    WP_ProcessCard                           0x0800ecbb   Thumb Code   448  cardprocess.o(.text)
    ProcessSettingByCard                     0x0800ee7b   Thumb Code     2  cardprocess.o(.text)
    InitPassword                             0x0800eea1   Thumb Code    38  pass.o(.text)
    SetPassword                              0x0800eec7   Thumb Code    58  pass.o(.text)
    GetPassword                              0x0800ef01   Thumb Code    16  pass.o(.text)
    GetIsectiond                             0x0800ef11   Thumb Code    16  pass.o(.text)
    LoadnEC20DefaultValue                    0x0800ef29   Thumb Code    30  default.o(.text)
    LoadDefaultValue                         0x0800ef47   Thumb Code    16  default.o(.text)
    LoadnNetDefaultValue                     0x0800ef57   Thumb Code    52  default.o(.text)
    Initnewdate_addr                         0x0800ef8b   Thumb Code    32  default.o(.text)
    InitRecord                               0x0800efd9   Thumb Code    46  record.o(.text)
    SaveRecordCount                          0x0800f007   Thumb Code    40  record.o(.text)
    InitActual_CardCount                     0x0800f02f   Thumb Code    26  record.o(.text)
    InitOperation_CommCount                  0x0800f049   Thumb Code    26  record.o(.text)
    InitErr_CardCount                        0x0800f063   Thumb Code    26  record.o(.text)
    SaveActual_CardCount                     0x0800f07d   Thumb Code    32  record.o(.text)
    SaveErr_CardCount                        0x0800f09d   Thumb Code    32  record.o(.text)
    SaveOperation_CommCount                  0x0800f0bd   Thumb Code    32  record.o(.text)
    SaveRecordcount_Err                      0x0800f0dd   Thumb Code    36  record.o(.text)
    InitRecordcount_Err                      0x0800f101   Thumb Code    58  record.o(.text)
    DelRecord                                0x0800f13b   Thumb Code    98  record.o(.text)
    Init_UpdataRecord                        0x0800f19d   Thumb Code    26  record.o(.text)
    Save_UpdataRecordCount                   0x0800f1b7   Thumb Code    22  record.o(.text)
    Del_UpdataRecord                         0x0800f1cd   Thumb Code    14  record.o(.text)
    Arrange_Record                           0x0800f1db   Thumb Code   350  record.o(.text)
    Add_UpdataRecord                         0x0800f339   Thumb Code    64  record.o(.text)
    AddRecord                                0x0800f379   Thumb Code   402  record.o(.text)
    UPloadRecord                             0x0800f50b   Thumb Code   114  record.o(.text)
    DelUPloadRecord                          0x0800f57d   Thumb Code   110  record.o(.text)
    InitMachno                               0x0800f661   Thumb Code    24  mach.o(.text)
    SaveMachno                               0x0800f679   Thumb Code    44  mach.o(.text)
    gettimetobcd                             0x0800f6ad   Thumb Code    34  cardrw.o(.text)
    Set_Time_slot_1                          0x0800f6cf   Thumb Code    82  cardrw.o(.text)
    Time_interval_fun                        0x0800f721   Thumb Code   102  cardrw.o(.text)
    Debit_fun                                0x0800f787   Thumb Code   140  cardrw.o(.text)
    AnalyzeSectionData                       0x0800f813   Thumb Code    54  cardrw.o(.text)
    BlockWrite                               0x0800f849   Thumb Code    64  cardrw.o(.text)
    WriteBlock1                              0x0800f889   Thumb Code    62  cardrw.o(.text)
    ProcessICCard                            0x0800f8c7   Thumb Code    20  cardrw.o(.text)
    Back_SaveGroupCount                      0x0800f925   Thumb Code    42  blackname.o(.text)
    Back_GetGroupCount                       0x0800f94f   Thumb Code    38  blackname.o(.text)
    Back_SaveCommCount                       0x0800f975   Thumb Code    34  blackname.o(.text)
    Back_GetCommCount                        0x0800f997   Thumb Code    30  blackname.o(.text)
    Back_GetGroupAddress                     0x0800f9b5   Thumb Code    12  blackname.o(.text)
    Back_InitName                            0x0800f9c1   Thumb Code    12  blackname.o(.text)
    Back_MakeGroup                           0x0800f9cd   Thumb Code    68  blackname.o(.text)
    Back_FindCardno                          0x0800fa11   Thumb Code   138  blackname.o(.text)
    Back_AddCardno                           0x0800fa9b   Thumb Code    98  blackname.o(.text)
    Back_AddOneCardno                        0x0800fafd   Thumb Code    36  blackname.o(.text)
    Back_CommFindCardno                      0x0800fb21   Thumb Code   126  blackname.o(.text)
    Back_DelCardno                           0x0800fb9f   Thumb Code   188  blackname.o(.text)
    Back_DelAllCardno                        0x0800fc5b   Thumb Code    48  blackname.o(.text)
    Back_DelOneCardno                        0x0800fc8b   Thumb Code    36  blackname.o(.text)
    Time_Interval_Detection                  0x0800fcd1   Thumb Code    98  interval.o(.text)
    Check_Passage_Enable                     0x0800fd33   Thumb Code    28  interval.o(.text)
    Channel_Time_Detection                   0x0800fd4f   Thumb Code    74  interval.o(.text)
    Holiday_Detection                        0x0800fd99   Thumb Code   150  interval.o(.text)
    HolidayTime_Interval_Detection           0x0800fe2f   Thumb Code   104  interval.o(.text)
    InitTime_Interval_Detection              0x0800fe97   Thumb Code    22  interval.o(.text)
    InitPassage_Time                         0x0800fead   Thumb Code    22  interval.o(.text)
    InitPassage_TimeEnable                   0x0800fec3   Thumb Code    22  interval.o(.text)
    InitHoliday_Vacations                    0x0800fed9   Thumb Code    22  interval.o(.text)
    get4g_rebuff                             0x0800ff25   Thumb Code     4  ec20fun.o(.text)
    Process4G_Commu                          0x0800ff29   Thumb Code   236  ec20fun.o(.text)
    Init_EC20_Remote_IP                      0x08010015   Thumb Code   120  ec20fun.o(.text)
    getQR_rebuff                             0x080100d5   Thumb Code     4  qr_code.o(.text)
    QR_SendString                            0x080100d9   Thumb Code    42  qr_code.o(.text)
    QR_SendByte                              0x08010103   Thumb Code    28  qr_code.o(.text)
    cleanQR_bcrebuff                         0x0801011f   Thumb Code    30  qr_code.o(.text)
    InitQRCombuff                            0x0801013d   Thumb Code    18  qr_code.o(.text)
    ProcessQR_ICRead                         0x0801014f   Thumb Code    24  qr_code.o(.text)
    ProcessQR_QRRead                         0x08010167   Thumb Code   138  qr_code.o(.text)
    ProcessQR_Commu                          0x080101f1   Thumb Code   216  qr_code.o(.text)
    TX_L                                     0x08010325   Thumb Code    14  speak.o(.text)
    TX_H                                     0x08010333   Thumb Code    14  speak.o(.text)
    SPEAK_USART_TX_init                      0x08010341   Thumb Code    50  speak.o(.text)
    MUSART1_SendData                         0x08010373   Thumb Code    70  speak.o(.text)
    SPEAKUART_SendString                     0x080103b9   Thumb Code    26  speak.o(.text)
    SYN6288_Send                             0x080103d3   Thumb Code    86  speak.o(.text)
    SC50X0_SDA                               0x08010429   Thumb Code   108  speak.o(.text)
    Init_Heartbeat                           0x080104a5   Thumb Code    14  heartbeat.o(.text)
    Heartbeat_Send                           0x080104b3   Thumb Code   104  heartbeat.o(.text)
    Clear_Standby_Display                    0x08010541   Thumb Code    12  lcd12864_config.o(.text)
    Clear_Standby_Display_Time               0x0801054d   Thumb Code    40  lcd12864_config.o(.text)
    EndClear_Pay_Card_Data                   0x08010575   Thumb Code     2  lcd12864_config.o(.text)
    ProcessReal_time_upload                  0x08010589   Thumb Code   656  upload.o(.text)
    newCheck_Card_Limit                      0x08010819   Thumb Code   110  upload.o(.text)
    dtmelay                                  0x080108e5   Thumb Code    24  tm1650.o(.text)
    TM16_SDA_IN                              0x080108fd   Thumb Code    30  tm1650.o(.text)
    TM16_SDA_OUT                             0x0801091b   Thumb Code    30  tm1650.o(.text)
    TM16_IIC_Start                           0x08010939   Thumb Code    48  tm1650.o(.text)
    TM16_IIC_Stop                            0x08010969   Thumb Code    48  tm1650.o(.text)
    TM16_Read_ACK                            0x08010999   Thumb Code    54  tm1650.o(.text)
    TM16_Send_ACK                            0x080109cf   Thumb Code    54  tm1650.o(.text)
    TM16_Send_Byte                           0x08010a05   Thumb Code    92  tm1650.o(.text)
    TM16_Read_Byte                           0x08010a61   Thumb Code   122  tm1650.o(.text)
    TM16_Write_REG                           0x08010adb   Thumb Code    28  tm1650.o(.text)
    TM16_Set_Brig                            0x08010af7   Thumb Code    24  tm1650.o(.text)
    TM16_INIT                                0x08010b0f   Thumb Code    50  tm1650.o(.text)
    TM1650_FD650_READ                        0x08010b41   Thumb Code    28  tm1650.o(.text)
    tmKeyscan                                0x08010b5d   Thumb Code   178  tm1650.o(.text)
    SaveMachine_Category                     0x08010c21   Thumb Code    28  consum_config.o(.text)
    SaveFixed_consumption_Money              0x08010c3d   Thumb Code    14  consum_config.o(.text)
    SaveFixed_consumption_Timer              0x08010c4b   Thumb Code    16  consum_config.o(.text)
    InitFixed_consumption_Money              0x08010c5b   Thumb Code    14  consum_config.o(.text)
    InitConsumption_All_Money                0x08010c69   Thumb Code    16  consum_config.o(.text)
    SaveConsumption_All_Money                0x08010c79   Thumb Code    16  consum_config.o(.text)
    DeleteConsumption_All_Money              0x08010c89   Thumb Code    30  consum_config.o(.text)
    InitFixed_consumption_Timer              0x08010ca7   Thumb Code    16  consum_config.o(.text)
    SaveCarte_consum_Money                   0x08010cb7   Thumb Code    16  consum_config.o(.text)
    InitCarte_consum_Money                   0x08010cc7   Thumb Code    16  consum_config.o(.text)
    SaveSub_Maximum_Limit                    0x08010cd7   Thumb Code    16  consum_config.o(.text)
    InitSub_Maximum_Limit                    0x08010ce7   Thumb Code    16  consum_config.o(.text)
    Consum_Time_Detection                    0x08010cf7   Thumb Code    80  consum_config.o(.text)
    app_srand                                0x08010d69   Thumb Code     6  iap_updata.o(.text)
    app_get_rand                             0x08010d6f   Thumb Code    30  iap_updata.o(.text)
    False_Random_number                      0x08010d8d   Thumb Code    30  iap_updata.o(.text)
    write_flash                              0x08010dab   Thumb Code    38  iap_updata.o(.text)
    Check_IAP_Start_Updata                   0x08010dd1   Thumb Code    76  iap_updata.o(.text)
    Handle_IAP_Data                          0x08010e1d   Thumb Code   174  iap_updata.o(.text)
    Check_IAP_END_Updata                     0x08010ecb   Thumb Code    26  iap_updata.o(.text)
    IAP_Read_Data                            0x08010ee5   Thumb Code     2  iap_updata.o(.text)
    IAP_OK_System_Boot                       0x08010ee7   Thumb Code    60  iap_updata.o(.text)
    Clear_IAP_OK_System_Boot                 0x08010f23   Thumb Code    90  iap_updata.o(.text)
    SoftReset                                0x08010f7d   Thumb Code    38  iap_updata.o(.text)
    Menu_key_set                             0x08010ff1   Thumb Code   684  menu.o(.text)
    fun0                                     0x0801129d   Thumb Code    66  menu.o(.text)
    fun1                                     0x080112df   Thumb Code    22  menu.o(.text)
    fun2                                     0x080112f5   Thumb Code    26  menu.o(.text)
    fun3                                     0x0801130f   Thumb Code    24  menu.o(.text)
    fun4                                     0x08011327   Thumb Code    58  menu.o(.text)
    fun5                                     0x08011361   Thumb Code    50  menu.o(.text)
    fun6                                     0x08011393   Thumb Code     2  menu.o(.text)
    fun7                                     0x08011395   Thumb Code    26  menu.o(.text)
    fun8                                     0x080113af   Thumb Code    34  menu.o(.text)
    fun9                                     0x080113d1   Thumb Code   168  menu.o(.text)
    fun10                                    0x08011479   Thumb Code    94  menu.o(.text)
    fun11                                    0x080114d7   Thumb Code     2  menu.o(.text)
    fun12                                    0x080114d9   Thumb Code    98  menu.o(.text)
    fun13                                    0x0801153b   Thumb Code   108  menu.o(.text)
    fun14                                    0x080115a7   Thumb Code   496  menu.o(.text)
    fun15                                    0x08011797   Thumb Code    94  menu.o(.text)
    fun16                                    0x080117f5   Thumb Code     2  menu.o(.text)
    fun17                                    0x080117f7   Thumb Code    26  menu.o(.text)
    fun18                                    0x08011811   Thumb Code    34  menu.o(.text)
    fun19                                    0x08011833   Thumb Code   284  menu.o(.text)
    fun20                                    0x0801194f   Thumb Code    94  menu.o(.text)
    fun21                                    0x080119ad   Thumb Code     2  menu.o(.text)
    fun22                                    0x080119af   Thumb Code    26  menu.o(.text)
    fun23                                    0x080119c9   Thumb Code    34  menu.o(.text)
    fun24                                    0x080119eb   Thumb Code    66  menu.o(.text)
    fun25                                    0x08011a2d   Thumb Code    94  menu.o(.text)
    fun26                                    0x08011a8b   Thumb Code     2  menu.o(.text)
    fun27                                    0x08011a8d   Thumb Code   152  menu.o(.text)
    fun28                                    0x08011b25   Thumb Code   166  menu.o(.text)
    fun29                                    0x08011bcb   Thumb Code   590  menu.o(.text)
    fun30                                    0x08011e19   Thumb Code    94  menu.o(.text)
    fun31                                    0x08011e77   Thumb Code     2  menu.o(.text)
    fun32                                    0x08011e79   Thumb Code    26  menu.o(.text)
    fun33                                    0x08011e93   Thumb Code    34  menu.o(.text)
    fun34                                    0x08011eb5   Thumb Code    42  menu.o(.text)
    fun35                                    0x08011edf   Thumb Code    94  menu.o(.text)
    fun36                                    0x08011f3d   Thumb Code     2  menu.o(.text)
    fun37                                    0x08011f3f   Thumb Code    26  menu.o(.text)
    fun38                                    0x08011f59   Thumb Code    34  menu.o(.text)
    fun39                                    0x08011f7b   Thumb Code    42  menu.o(.text)
    fun40                                    0x08011fa5   Thumb Code    94  menu.o(.text)
    fun41                                    0x08012003   Thumb Code     2  menu.o(.text)
    fun42                                    0x08012005   Thumb Code    26  menu.o(.text)
    fun43                                    0x0801201f   Thumb Code    34  menu.o(.text)
    fun44                                    0x08012041   Thumb Code    42  menu.o(.text)
    fun45                                    0x0801206b   Thumb Code   150  menu.o(.text)
    fun46                                    0x08012101   Thumb Code     2  menu.o(.text)
    fun47                                    0x08012103   Thumb Code    26  menu.o(.text)
    fun48                                    0x0801211d   Thumb Code    34  menu.o(.text)
    fun49                                    0x0801213f   Thumb Code    42  menu.o(.text)
    fun50                                    0x08012169   Thumb Code    94  menu.o(.text)
    fun51                                    0x080121c7   Thumb Code     2  menu.o(.text)
    fun52                                    0x080121c9   Thumb Code     2  menu.o(.text)
    fun53                                    0x080121cb   Thumb Code     2  menu.o(.text)
    fun54                                    0x080121cd   Thumb Code     2  menu.o(.text)
    fun55                                    0x080121cf   Thumb Code     2  menu.o(.text)
    fun56                                    0x080121d1   Thumb Code     2  menu.o(.text)
    fun57                                    0x080121d3   Thumb Code     2  menu.o(.text)
    fun58                                    0x080121d5   Thumb Code     2  menu.o(.text)
    fun59                                    0x080121d7   Thumb Code     2  menu.o(.text)
    fun60                                    0x080121d9   Thumb Code     2  menu.o(.text)
    fun81                                    0x080121db   Thumb Code    36  menu.o(.text)
    fun82                                    0x080121ff   Thumb Code     2  menu.o(.text)
    fun83                                    0x08012201   Thumb Code     2  menu.o(.text)
    fun84                                    0x08012203   Thumb Code   108  menu.o(.text)
    fun85                                    0x0801226f   Thumb Code    50  menu.o(.text)
    fun86                                    0x080122a1   Thumb Code     2  menu.o(.text)
    fun87                                    0x080122a3   Thumb Code     2  menu.o(.text)
    fun88                                    0x080122a5   Thumb Code     2  menu.o(.text)
    fun89                                    0x080122a7   Thumb Code     2  menu.o(.text)
    fun90                                    0x080122a9   Thumb Code     2  menu.o(.text)
    exitbutton                               0x080122ab   Thumb Code    50  menu.o(.text)
    enterbutton                              0x080122dd   Thumb Code    50  menu.o(.text)
    outmenu                                  0x0801230f   Thumb Code    10  menu.o(.text)
    Show_Menudata                            0x08012369   Thumb Code   478  menufun.o(.text)
    W5500_GPIO_Configuration                 0x080125a1   Thumb Code   100  w5500.o(.text)
    W5500_NVIC_Configuration                 0x08012605   Thumb Code    32  w5500.o(.text)
    EXTI9_5_IRQHandler                       0x08012625   Thumb Code    24  w5500.o(.text)
    SPI_Configuration                        0x0801263d   Thumb Code   168  w5500.o(.text)
    SPI2_Send_Byte                           0x080126e5   Thumb Code    28  w5500.o(.text)
    SPI2_Send_Short                          0x08012701   Thumb Code    28  w5500.o(.text)
    Write_W5500_1Byte                        0x0801271d   Thumb Code    46  w5500.o(.text)
    Write_W5500_2Byte                        0x0801274b   Thumb Code    46  w5500.o(.text)
    Write_W5500_nByte                        0x08012779   Thumb Code    66  w5500.o(.text)
    Write_W5500_SOCK_1Byte                   0x080127bb   Thumb Code    58  w5500.o(.text)
    Write_W5500_SOCK_2Byte                   0x080127f5   Thumb Code    58  w5500.o(.text)
    Write_W5500_SOCK_4Byte                   0x0801282f   Thumb Code    84  w5500.o(.text)
    Read_W5500_1Byte                         0x08012883   Thumb Code    62  w5500.o(.text)
    Read_W5500_SOCK_1Byte                    0x080128c1   Thumb Code    74  w5500.o(.text)
    Read_W5500_SOCK_2Byte                    0x0801290b   Thumb Code    98  w5500.o(.text)
    Read_SOCK_Data_Buffer                    0x0801296d   Thumb Code   316  w5500.o(.text)
    Write_SOCK_Data_Buffer                   0x08012aa9   Thumb Code   264  w5500.o(.text)
    W5500_Hardware_Reset                     0x08012bb1   Thumb Code    32  w5500.o(.text)
    W5500_Init                               0x08012bd1   Thumb Code   156  w5500.o(.text)
    Detect_Gateway                           0x08012c6d   Thumb Code   196  w5500.o(.text)
    Socket_Init                              0x08012d31   Thumb Code   260  w5500.o(.text)
    Socket_Connect                           0x08012e35   Thumb Code    70  w5500.o(.text)
    Socket_Listen                            0x08012e7b   Thumb Code   102  w5500.o(.text)
    Socket_UDP                               0x08012ee1   Thumb Code    60  w5500.o(.text)
    W5500_Interrupt_Process                  0x08012f1d   Thumb Code   444  w5500.o(.text)
    W5500_Initialization                     0x080130f9   Thumb Code    44  w5500_config.o(.text)
    Load_Net_Parameters                      0x08013125   Thumb Code   166  w5500_config.o(.text)
    W5500_Socket_Set                         0x080131cb   Thumb Code   290  w5500_config.o(.text)
    Process_Socket_Data                      0x080132ed   Thumb Code    36  w5500_config.o(.text)
    Process_Socket_PROT0_Send                0x08013311   Thumb Code    38  w5500_config.o(.text)
    Process_Socket_PROT1_Send                0x08013337   Thumb Code    38  w5500_config.o(.text)
    Process_Socket_PROT0_Receive             0x0801335d   Thumb Code    30  w5500_config.o(.text)
    Process_Socket_PROT1_Receive             0x0801337b   Thumb Code    30  w5500_config.o(.text)
    Process_Socket_PROT2_Receive             0x08013399   Thumb Code    74  w5500_config.o(.text)
    Timer2_Init_Config                       0x080133e3   Thumb Code    64  w5500_config.o(.text)
    NVIC_Configuration                       0x08013423   Thumb Code    44  w5500_config.o(.text)
    System_Initialization                    0x0801344f   Thumb Code    20  w5500_config.o(.text)
    W5500_SYSTEM_Init                        0x08013463   Thumb Code    20  w5500_config.o(.text)
    W5500_System_Program                     0x08013477   Thumb Code   102  w5500_config.o(.text)
    TIM2_IRQHandler                          0x080134dd   Thumb Code   160  w5500_config.o(.text)
    Delay                                    0x0801357d   Thumb Code    18  w5500_config.o(.text)
    InitTcpClient                            0x08013595   Thumb Code    14  rj45cmd.o(.text)
    CheckTCPClientData                       0x080135a3   Thumb Code   106  rj45cmd.o(.text)
    ProcessTCPClient                         0x0801360d   Thumb Code    42  rj45cmd.o(.text)
    InitTcpServer                            0x08013637   Thumb Code    14  rj45cmd.o(.text)
    CheckTCPServerData                       0x08013645   Thumb Code   106  rj45cmd.o(.text)
    ProcessTCPServer                         0x080136af   Thumb Code    42  rj45cmd.o(.text)
    ProcessUDPClient                         0x080136d9   Thumb Code   136  rj45cmd.o(.text)
    reboot                                   0x08013761   Thumb Code    12  rj45cmd.o(.text)
    InitLocalIPGateway                       0x0801376d   Thumb Code   130  rj45cmd.o(.text)
    InitRemoteIPandPORT                      0x080137ef   Thumb Code   100  rj45cmd.o(.text)
    Init_MAC_Address                         0x08013853   Thumb Code   100  rj45cmd.o(.text)
    TimeDelay                                0x08013921   Thumb Code    22  lcd_dis.o(.text)
    Delay_40US                               0x08013937   Thumb Code    26  lcd_dis.o(.text)
    delay2                                   0x08013951   Thumb Code    20  lcd_dis.o(.text)
    GetKey                                   0x08013965   Thumb Code     4  lcd_dis.o(.text)
    LedON                                    0x08013969   Thumb Code     2  lcd_dis.o(.text)
    LCD_Config                               0x0801396b   Thumb Code    32  lcd_dis.o(.text)
    LCD_Init                                 0x0801398b   Thumb Code    40  lcd_dis.o(.text)
    SPI_SSSet                                0x080139b3   Thumb Code   102  lcd_dis.o(.text)
    SPI_Send                                 0x08013a19   Thumb Code    84  lcd_dis.o(.text)
    PutString                                0x08013a6d   Thumb Code    82  lcd_dis.o(.text)
    PutString_cn                             0x08013abf   Thumb Code    90  lcd_dis.o(.text)
    ClrScreen                                0x08013b19   Thumb Code    28  lcd_dis.o(.text)
    SetBG_Color                              0x08013b35   Thumb Code    50  lcd_dis.o(.text)
    SetFG_Color                              0x08013b67   Thumb Code    50  lcd_dis.o(.text)
    PutBitmap                                0x08013b99   Thumb Code    64  lcd_dis.o(.text)
    SetDisplayOnOff                          0x08013bd9   Thumb Code    40  lcd_dis.o(.text)
    SetDisplayInvert                         0x08013c01   Thumb Code    40  lcd_dis.o(.text)
    SetWindows                               0x08013c29   Thumb Code    98  lcd_dis.o(.text)
    SetFontType                              0x08013c8b   Thumb Code    42  lcd_dis.o(.text)
    DrawPoint                                0x08013cb5   Thumb Code    82  lcd_dis.o(.text)
    DrawLine                                 0x08013d07   Thumb Code   130  lcd_dis.o(.text)
    DrawRect                                 0x08013d89   Thumb Code   128  lcd_dis.o(.text)
    DrawIcon                                 0x08013e09   Thumb Code    74  lcd_dis.o(.text)
    DrawTranIcon                             0x08013e53   Thumb Code    90  lcd_dis.o(.text)
    DrawQRCODE                               0x08013ead   Thumb Code    90  lcd_dis.o(.text)
    LCD_Standby                              0x08013f09   Thumb Code   694  lcd_config.o(.text)
    LCD_ShowPlay_Card                        0x080141bf   Thumb Code  1312  lcd_config.o(.text)
    ShowKeyValue_Plus                        0x080146df   Thumb Code   836  lcd_config.o(.text)
    LCD_ShowKeyValue                         0x08014a23   Thumb Code   166  lcd_config.o(.text)
    LCD_Show_Consump_Pattern                 0x08014ac9   Thumb Code   234  lcd_config.o(.text)
    LCD_Disp_MenuPassword                    0x08014bb3   Thumb Code   218  lcd_config.o(.text)
    LCD_Disp_MenuMain                        0x08014c8d   Thumb Code   266  lcd_config.o(.text)
    LCD_Disp_Function                        0x08014d97   Thumb Code  6964  lcd_config.o(.text)
    LCD_Disp_Query_Money                     0x080168cb   Thumb Code    24  lcd_config.o(.text)
    LCD_Disp_Refund_Money                    0x080168e3   Thumb Code   282  lcd_config.o(.text)
    CalculateCRC_1                           0x08016b85   Thumb Code    86  crc.o(.text)
    CalculateCRC                             0x08016bdb   Thumb Code    74  crc.o(.text)
    iap_write_appbin                         0x08016c31   Thumb Code    98  iap.o(.text)
    iap_load_app                             0x08016c93   Thumb Code    36  iap.o(.text)
    __use_no_semihosting                     0x08016cc5   Thumb Code     2  use_no_semi_2.o(.text)
    toupper                                  0x08016cc7   Thumb Code    30  toupper.o(.text)
    strstr                                   0x08016ce5   Thumb Code    36  strstr.o(.text)
    __aeabi_memcpy                           0x08016d09   Thumb Code     0  rt_memcpy_v6.o(.text)
    __rt_memcpy                              0x08016d09   Thumb Code   138  rt_memcpy_v6.o(.text)
    _memcpy_lastbytes                        0x08016d6f   Thumb Code     0  rt_memcpy_v6.o(.text)
    __aeabi_memcpy4                          0x08016d93   Thumb Code     0  rt_memcpy_w.o(.text)
    __aeabi_memcpy8                          0x08016d93   Thumb Code     0  rt_memcpy_w.o(.text)
    __rt_memcpy_w                            0x08016d93   Thumb Code   100  rt_memcpy_w.o(.text)
    _memcpy_lastbytes_aligned                0x08016ddb   Thumb Code     0  rt_memcpy_w.o(.text)
    __aeabi_memclr                           0x08016df7   Thumb Code     0  rt_memclr.o(.text)
    __rt_memclr                              0x08016df7   Thumb Code    68  rt_memclr.o(.text)
    _memset                                  0x08016dfb   Thumb Code     0  rt_memclr.o(.text)
    __aeabi_memclr4                          0x08016e3b   Thumb Code     0  rt_memclr_w.o(.text)
    __aeabi_memclr8                          0x08016e3b   Thumb Code     0  rt_memclr_w.o(.text)
    __rt_memclr_w                            0x08016e3b   Thumb Code    78  rt_memclr_w.o(.text)
    _memset_w                                0x08016e3f   Thumb Code     0  rt_memclr_w.o(.text)
    __use_two_region_memory                  0x08016e89   Thumb Code     2  heapauxi.o(.text)
    __rt_heap_escrow$2region                 0x08016e8b   Thumb Code     2  heapauxi.o(.text)
    __rt_heap_expand$2region                 0x08016e8d   Thumb Code     2  heapauxi.o(.text)
    __I$use$semihosting                      0x08016e8f   Thumb Code     0  use_no_semi.o(.text)
    __use_no_semihosting_swi                 0x08016e8f   Thumb Code     2  use_no_semi.o(.text)
    __rt_ctype_table                         0x08016e91   Thumb Code    16  rt_ctype_table.o(.text)
    __rt_locale                              0x08016ea1   Thumb Code     8  rt_locale_intlibspace.o(.text)
    __user_libspace                          0x08016ea9   Thumb Code     8  libspace.o(.text)
    __user_perproc_libspace                  0x08016ea9   Thumb Code     0  libspace.o(.text)
    __user_perthread_libspace                0x08016ea9   Thumb Code     0  libspace.o(.text)
    __user_setup_stackheap                   0x08016eb1   Thumb Code    74  sys_stackheap_outer.o(.text)
    exit                                     0x08016efb   Thumb Code    18  exit.o(.text)
    strcmp                                   0x08016f0d   Thumb Code   128  strcmpv7m.o(.text)
    _get_lc_ctype                            0x08016f8d   Thumb Code    44  lc_ctype_c.o(locale$$code)
    Region$$Table$$Base                      0x08017324   Number         0  anon$$obj.o(Region$$Table)
    Region$$Table$$Limit                     0x08017344   Number         0  anon$$obj.o(Region$$Table)
    __ctype                                  0x08017351   Data           0  lc_ctype_c.o(locale$$data)
    SystemCoreClock                          0x20000000   Data           4  system_stm32f10x.o(.data)
    AHBPrescTable                            0x20000004   Data          16  system_stm32f10x.o(.data)
    timerdelay                               0x20000018   Data           1  timer.o(.data)
    timerdelaysec                            0x20000019   Data           1  timer.o(.data)
    wg1cycle                                 0x20000020   Data           1  wg1.o(.data)
    wg1idx                                   0x20000021   Data           1  wg1.o(.data)
    wg2cycle                                 0x2000002c   Data           1  wg2.o(.data)
    wg2idx                                   0x2000002d   Data           1  wg2.o(.data)
    AT_QIOPEN_IP                             0x20000038   Data          50  ec20.o(.data)
    s_stRetData                              0x2000006a   Data           2  ec20.o(.data)
    g_u16OverTimeCnt                         0x2000006c   Data           2  ec20.o(.data)
    AT_InterOverTimeCnt                      0x2000006e   Data           2  ec20.o(.data)
    g_u8RxIndexW                             0x20000070   Data           2  ec20.o(.data)
    EC20GPSLEN                               0x20000074   Data           2  ec20.o(.data)
    __stdout                                 0x20000080   Data           4  usart.o(.data)
    USART_RX_STA                             0x20000084   Data           2  usart.o(.data)
    USART1_RX_CRLF                           0x20000086   Data           1  usart.o(.data)
    time_buf                                 0x200000a4   Data           8  ds1302.o(.data)
    time_buftx                               0x200000ac   Data           8  ds1302.o(.data)
    showStandby                              0x200000b8   Data           1  sysvar.o(.data)
    Standbycount                             0x200000bc   Data           4  sysvar.o(.data)
    Standbytime                              0x200000c0   Data           4  sysvar.o(.data)
    showtime                                 0x200000c4   Data           1  sysvar.o(.data)
    timecount                                0x200000c8   Data           4  sysvar.o(.data)
    sys_status                               0x200000cc   Data           1  sysvar.o(.data)
    statuscnt                                0x200000d0   Data           4  sysvar.o(.data)
    keyVal                                   0x200000d4   Data           1  sysvar.o(.data)
    cycle                                    0x200000d5   Data           1  sysvar.o(.data)
    output1state                             0x200000d8   Data           4  sysvar.o(.data)
    output1time                              0x200000dc   Data           4  sysvar.o(.data)
    output2state                             0x200000e0   Data           4  sysvar.o(.data)
    output2time                              0x200000e4   Data           4  sysvar.o(.data)
    badd                                     0x200000e8   Data           4  sysvar.o(.data)
    bdel                                     0x200000ec   Data           4  sysvar.o(.data)
    idbuff                                   0x200000f0   Data           4  sysvar.o(.data)
    ICidbuff                                 0x200000f4   Data           4  sysvar.o(.data)
    inPCOM                                   0x200000f8   Data           4  sysvar.o(.data)
    repea_time                               0x200000fc   Data           1  sysvar.o(.data)
    output_time                              0x200000fd   Data           1  sysvar.o(.data)
    whiteallow                               0x200000fe   Data           1  sysvar.o(.data)
    interval_time                            0x200000ff   Data           1  sysvar.o(.data)
    Show_Refresh_coun                        0x20000100   Data           2  sysvar.o(.data)
    Check_the_balance                        0x20000102   Data           1  sysvar.o(.data)
    refund_the_balance                       0x20000103   Data           1  sysvar.o(.data)
    keyidx                                   0x20000108   Data           1  keyfun.o(.data)
    menu_keyidx                              0x20000109   Data           1  keyfun.o(.data)
    menu_keyidx_MAX                          0x2000010a   Data           1  keyfun.o(.data)
    keymoneybuff                             0x2000010b   Data           4  keyfun.o(.data)
    keymoney32buff                           0x20000110   Data           4  keyfun.o(.data)
    u32_monetbuf                             0x20000114   Data           4  keyfun.o(.data)
    comidx                                   0x2000011c   Data           4  comcmd.o(.data)
    endcount                                 0x20000120   Data           1  comcmd.o(.data)
    endcount_4g                              0x20000121   Data           1  comcmd.o(.data)
    Data_length                              0x20000124   Data           4  comcmd.o(.data)
    VERSION_SIZE                             0x20000128   Data           1  comcmd.o(.data)
    SOFT_VERSION                             0x20000129   Data          11  comcmd.o(.data)
    TYPE_SIZE                                0x20000134   Data           1  comcmd.o(.data)
    MACH_TYPE                                0x20000135   Data          12  comcmd.o(.data)
    COM_ERROR                                0x20000141   Data          13  comcmd.o(.data)
    Return_Codebuf                           0x2000014e   Data          10  comcmd.o(.data)
    Return_Endvalue                          0x20000158   Data           3  comcmd.o(.data)
    Retainbitbuf                             0x2000015b   Data           4  comcmd.o(.data)
    bgroupfull                               0x20000164   Data           4  name.o(.data)
    bfindcard                                0x20000168   Data           4  name.o(.data)
    curgroup                                 0x2000016c   Data           1  name.o(.data)
    groupidx                                 0x20000170   Data           4  name.o(.data)
    groupcount                               0x20000174   Data           4  name.o(.data)
    commidx                                  0x20000178   Data           4  name.o(.data)
    commcount                                0x2000017c   Data           4  name.o(.data)
    addnamebuff                              0x20000180   Data           6  name.o(.data)
    Permission_Periodbuff                    0x20000186   Data           2  name.o(.data)
    idcycle                                  0x2000018c   Data           4  cardprocess.o(.data)
    idcycleflag                              0x20000190   Data           1  cardprocess.o(.data)
    oldID                                    0x20000191   Data           4  cardprocess.o(.data)
    PasswordMask                             0x20000195   Data           6  cardprocess.o(.data)
    curSection                               0x2000019b   Data           1  cardprocess.o(.data)
    cardPW                                   0x2000019c   Data           6  cardprocess.o(.data)
    isAdmin                                  0x200001a4   Data           4  cardprocess.o(.data)
    isICSetting                              0x200001a8   Data           4  cardprocess.o(.data)
    isValidICPW                              0x200001ac   Data           4  cardprocess.o(.data)
    isValidICData                            0x200001b0   Data           4  cardprocess.o(.data)
    blk6                                     0x200001b4   Data           3  cardprocess.o(.data)
    Pay_Carderr_Code                         0x200001b7   Data           1  cardprocess.o(.data)
    Pay_Head_Code                            0x200001b8   Data           1  cardprocess.o(.data)
    Enable_Pay_Card                          0x200001b9   Data           1  cardprocess.o(.data)
    isection                                 0x200001c0   Data           1  default.o(.data)
    password                                 0x200001c1   Data           6  default.o(.data)
    DEF_SYSVAR                               0x200001c7   Data          11  default.o(.data)
    DEF_PASS                                 0x200001d2   Data           8  default.o(.data)
    DEF_EXTVAR                               0x200001da   Data          11  default.o(.data)
    DEF_PROGRAMM                             0x200001e5   Data           6  default.o(.data)
    recordcount                              0x200001f0   Data           4  record.o(.data)
    rdtemporary_count                        0x200001f4   Data           1  record.o(.data)
    rdrealtime_up_count                      0x200001f8   Data           4  record.o(.data)
    stopdate_addr                            0x200001fc   Data           4  record.o(.data)
    temporarycuraddr                         0x20000200   Data           4  record.o(.data)
    uploadflash_cycle                        0x20000204   Data           2  record.o(.data)
    Flow_number                              0x20000208   Data           4  record.o(.data)
    UserBalance                              0x2000020c   Data           4  record.o(.data)
    Consum_Amount                            0x20000210   Data           4  record.o(.data)
    def_Consum_Amount                        0x20000214   Data           4  record.o(.data)
    Actual_Card_number                       0x20000218   Data           4  record.o(.data)
    Err_Card_number                          0x2000021c   Data           4  record.o(.data)
    Operation_Comm_number                    0x20000220   Data           4  record.o(.data)
    maxrecordcount_err                       0x20000224   Data           1  record.o(.data)
    recordcount_err                          0x20000225   Data           1  record.o(.data)
    ALL_NULL                                 0x20000226   Data           4  record.o(.data)
    machno                                   0x20000230   Data           4  mach.o(.data)
    machno_ASCII                             0x20000234   Data           8  mach.o(.data)
    ICcardbuff                               0x20000240   Data           8  cardrw.o(.data)
    ICcardNameASCII                          0x20000248   Data           8  cardrw.o(.data)
    blk1_Time                                0x20000250   Data           4  cardrw.o(.data)
    ICcard_frequencyBUFF                     0x20000254   Data           4  cardrw.o(.data)
    ICcard_frequencybf                       0x20000258   Data           2  cardrw.o(.data)
    blk3buff                                 0x2000025a   Data          16  cardrw.o(.data)
    Time_slot                                0x2000026a   Data          60  cardrw.o(.data)
    Time_slot_1                              0x200002a6   Data          60  cardrw.o(.data)
    TIME_time_slot                           0x200002e4   Data           4  cardrw.o(.data)
    Current_time_value                       0x200002e8   Data           1  cardrw.o(.data)
    Time_interval_flag                       0x200002ec   Data           4  cardrw.o(.data)
    back_bfindcard                           0x200002f8   Data           4  blackname.o(.data)
    back_curgroup                            0x200002fc   Data           1  blackname.o(.data)
    back_groupidx                            0x20000300   Data           4  blackname.o(.data)
    back_groupcount                          0x20000304   Data           4  blackname.o(.data)
    back_commidx                             0x20000308   Data           4  blackname.o(.data)
    back_commcount                           0x2000030c   Data           4  blackname.o(.data)
    btimeseg                                 0x20000314   Data           4  interval.o(.data)
    itimeseg                                 0x20000318   Data           4  interval.o(.data)
    bHoliday                                 0x2000031c   Data           4  interval.o(.data)
    bChannel                                 0x20000320   Data           4  interval.o(.data)
    bHolitimeseg                             0x20000324   Data           4  interval.o(.data)
    Passage_Enablebuff                       0x20000328   Data           6  interval.o(.data)
    Passage_EnableVerbuff                    0x2000032e   Data           6  interval.o(.data)
    redata_4g                                0x20000338   Data           4  ec20fun.o(.data)
    QR_u8RxIndexW                            0x20000340   Data           2  qr_code.o(.data)
    USART3_RX_CRLF                           0x20000342   Data           1  qr_code.o(.data)
    QR_Readtohex                             0x20000343   Data           8  qr_code.o(.data)
    QRread_styp                              0x2000034b   Data           1  qr_code.o(.data)
    oldQRID                                  0x2000034c   Data           4  qr_code.o(.data)
    Asynchronous_QR_falg                     0x20000350   Data           1  qr_code.o(.data)
    redata_QR                                0x20000354   Data           4  qr_code.o(.data)
    delayTime                                0x2000035c   Data           4  speak.o(.data)
    kt_beat_info                             0x20000364   Data           8  heartbeat.o(.data)
    Show_moneybuf                            0x20000370   Data          20  lcd12864_config.o(.data)
    Display_Time_outcount                    0x20000384   Data           4  lcd12864_config.o(.data)
    UP_UserBalance                           0x2000038c   Data           4  upload.o(.data)
    UP_Consum_Amount                         0x20000390   Data           4  upload.o(.data)
    UP_defNOnetBalance                       0x20000394   Data           4  upload.o(.data)
    UP_defNOretBalance                       0x20000398   Data           4  upload.o(.data)
    UP_defNOcardBalance                      0x2000039c   Data           4  upload.o(.data)
    updatareturnfalg                         0x200003a0   Data           1  upload.o(.data)
    upOverTimeCnt                            0x200003a2   Data           2  upload.o(.data)
    Card_Markok                              0x200003a4   Data           1  upload.o(.data)
    Local_Check_Card_falg                    0x200003a5   Data           1  upload.o(.data)
    Offline_Online_falg                      0x200003a6   Data           1  upload.o(.data)
    Machine_category                         0x200003b4   Data           2  consum_config.o(.data)
    Consum_TimerBit                          0x200003b6   Data           2  consum_config.o(.data)
    Consum_Allmoney                          0x200003b8   Data           8  consum_config.o(.data)
    Sub_Maximum_Limitbuf                     0x200003c0   Data           5  consum_config.o(.data)
    RefundMoneybuf                           0x200003c5   Data           4  consum_config.o(.data)
    RefundICcardbuf                          0x200003c9   Data           4  consum_config.o(.data)
    iapcnt                                   0x200003d4   Data           2  iap_updata.o(.data)
    iapaddr                                  0x200003d8   Data           4  iap_updata.o(.data)
    iappackcnt                               0x200003dc   Data           2  iap_updata.o(.data)
    iapreceivepackcnt                        0x200003de   Data           2  iap_updata.o(.data)
    iapallcnt                                0x200003e0   Data           4  iap_updata.o(.data)
    random_seed                              0x200003e4   Data           4  iap_updata.o(.data)
    func_index                               0x200003ec   Data           1  menu.o(.data)
    Menu_mode                                0x200003ed   Data           1  menu.o(.data)
    Menu_password_falg                       0x200003ee   Data           1  menu.o(.data)
    keytmp                                   0x200003ef   Data           6  menu.o(.data)
    keyouttime                               0x200003f5   Data           2  menu.o(.data)
    machnobuf                                0x200003f7   Data           6  menu.o(.data)
    DISPLAY_CHAR1                            0x20000400   Data          56  menu.o(.data)
    guicurrent_operation_index               0x20000438   Data           4  menu.o(.data)
    right_wrong_index                        0x2000043c   Data           4  menu.o(.data)
    table                                    0x20000440   Data        1848  menu.o(.data)
    right_wrongbuff                          0x20000b78   Data         512  menu.o(.data)
    Mmenu_NUM                                0x20000d7c   Data           1  menufun.o(.data)
    Mmenu_Shou_Mode                          0x20000d7d   Data           1  menufun.o(.data)
    Smenu_Shou_NUM                           0x20000d7e   Data           1  menufun.o(.data)
    Shou_Selection_box                       0x20000d7f   Data           1  menufun.o(.data)
    Menu_Fun_NUM                             0x20000d80   Data           1  menufun.o(.data)
    SmenuUse                                 0x20000d81   Data           6  menufun.o(.data)
    SmenuComm                                0x20000d87   Data           6  menufun.o(.data)
    SmenuSys                                 0x20000d8d   Data           6  menufun.o(.data)
    SmenuData                                0x20000d93   Data           6  menufun.o(.data)
    SmenuConsume                             0x20000d99   Data           6  menufun.o(.data)
    SmenuAccess                              0x20000d9f   Data           6  menufun.o(.data)
    SmenuDrive                               0x20000da5   Data           6  menufun.o(.data)
    SmenuAuto                                0x20000dab   Data           6  menufun.o(.data)
    SmenuSysInfo                             0x20000db1   Data           6  menufun.o(.data)
    MenuMainBuf                              0x20000db7   Data         240  menufun.o(.data)
    MenuUsebuf                               0x20000ea7   Data         240  menufun.o(.data)
    MenuCommbuf                              0x20000f97   Data         360  menufun.o(.data)
    MenuSysbuf                               0x200010ff   Data         240  menufun.o(.data)
    MenuDatabuf                              0x200011ef   Data         240  menufun.o(.data)
    MenuConsumebuf                           0x200012df   Data         240  menufun.o(.data)
    MenuAccessbuf                            0x200013cf   Data         240  menufun.o(.data)
    MenuDrivebuf                             0x200014bf   Data         240  menufun.o(.data)
    MenuAutobuf                              0x200015af   Data         240  menufun.o(.data)
    MenuSysInfobuf                           0x2000169f   Data         240  menufun.o(.data)
    Gateway_IP                               0x2000178f   Data           4  w5500.o(.data)
    Sub_Mask                                 0x20001793   Data           4  w5500.o(.data)
    Phy_Addr                                 0x20001797   Data           6  w5500.o(.data)
    IP_Addr                                  0x2000179d   Data           4  w5500.o(.data)
    S0_Port                                  0x200017a1   Data           2  w5500.o(.data)
    S0_DIP                                   0x200017a3   Data           4  w5500.o(.data)
    S0_DPort                                 0x200017a7   Data           2  w5500.o(.data)
    S1_Port                                  0x200017a9   Data           2  w5500.o(.data)
    S1_DIP                                   0x200017ab   Data           4  w5500.o(.data)
    S1_DPort                                 0x200017af   Data           2  w5500.o(.data)
    UDP_DIPR                                 0x200017b1   Data           4  w5500.o(.data)
    UDP_DPORT                                0x200017b5   Data           2  w5500.o(.data)
    S0_Mode                                  0x200017b7   Data           1  w5500.o(.data)
    S1_Mode                                  0x200017b8   Data           1  w5500.o(.data)
    S2_Mode                                  0x200017b9   Data           1  w5500.o(.data)
    S0_State                                 0x200017ba   Data           1  w5500.o(.data)
    S1_State                                 0x200017bb   Data           1  w5500.o(.data)
    S2_State                                 0x200017bc   Data           1  w5500.o(.data)
    S0_Data                                  0x200017bd   Data           1  w5500.o(.data)
    S1_Data                                  0x200017be   Data           1  w5500.o(.data)
    S2_Data                                  0x200017bf   Data           1  w5500.o(.data)
    W5500_Interrupt                          0x200017c0   Data           1  w5500.o(.data)
    Timer2_Counter                           0x200017c8   Data           4  w5500_config.o(.data)
    W5500_Send_Delay_Counter                 0x200017cc   Data           4  w5500_config.o(.data)
    num_lcd                                  0x200017d4   Data          15  lcd_config.o(.data)
    crclow                                   0x200017e3   Data           1  crc.o(.data)
    crchigh                                  0x200017e4   Data           1  crc.o(.data)
    jump2app                                 0x200017e8   Data           4  iap.o(.data)
    SPI_FLASH_BUF                            0x200017ec   Data        4096  w25qxx.o(.bss)
    SPI_InitStructure                        0x200027ec   Data          18  spi.o(.bss)
    wg1cardno                                0x200027fe   Data          34  wg1.o(.bss)
    wg2cardno                                0x20002820   Data          34  wg2.o(.bss)
    RxDataBuff                               0x20002842   Data        2048  ec20.o(.bss)
    EC20GPSBUF                               0x20003042   Data         500  ec20.o(.bss)
    gl_imei                                  0x20003236   Data          20  ec20.o(.bss)
    gl_imsi                                  0x2000324a   Data          20  ec20.o(.bss)
    STMFLASH_BUF                             0x2000325e   Data        2048  stmflash.o(.bss)
    sysvar                                   0x20003a5e   Data          11  sysvar.o(.bss)
    extvar                                   0x20003a69   Data          11  sysvar.o(.bss)
    keybuff                                  0x20003a74   Data          20  keyfun.o(.bss)
    menu_keybuff                             0x20003a88   Data          50  keyfun.o(.bss)
    keymoneyCentsbuff                        0x20003aba   Data          10  keyfun.o(.bss)
    keymoneyplusbuff                         0x20003ac4   Data          10  keyfun.o(.bss)
    key_status_info                          0x20003ace   Data          16  keyfun.o(.bss)
    combuff                                  0x20003ade   Data        2048  comcmd.o(.bss)
    communication_data                       0x200042de   Data        2048  comcmd.o(.bss)
    blk0                                     0x20004ade   Data          16  cardprocess.o(.bss)
    blk1                                     0x20004aee   Data          16  cardprocess.o(.bss)
    blk2                                     0x20004afe   Data          16  cardprocess.o(.bss)
    blk3                                     0x20004b0e   Data          16  cardprocess.o(.bss)
    recorddata                               0x20004b1e   Data          30  record.o(.bss)
    recorddataup                             0x20004b3c   Data          30  record.o(.bss)
    temporarydata                            0x20004b5a   Data         300  record.o(.bss)
    def_dataZero                             0x20004c86   Data          12  record.o(.bss)
    Permission_Period                        0x20004c92   Data          32  interval.o(.bss)
    Passage_Timebuff                         0x20004cb2   Data          32  interval.o(.bss)
    Holiday_Vacationsbuff                    0x20004cd2   Data          40  interval.o(.bss)
    ec20_device_info                         0x20004cfa   Data           9  ec20fun.o(.bss)
    ec20_remoteipbuf                         0x20004d03   Data          18  ec20fun.o(.bss)
    QR_RxDataBuff                            0x20004d15   Data          50  qr_code.o(.bss)
    QR_ReadDatabuf                           0x20004d47   Data          20  qr_code.o(.bss)
    LCDtimebuf                               0x20004d5b   Data          16  lcd12864_config.o(.bss)
    Server_Returndata                        0x20004d6b   Data          30  upload.o(.bss)
    Fixed_consum_Moneybuf                    0x20004d89   Data          16  consum_config.o(.bss)
    Fixed_consum_Timerbuf                    0x20004d99   Data          32  consum_config.o(.bss)
    Carte_consum_Moneybuf                    0x20004db9   Data          18  consum_config.o(.bss)
    Receiapbuf                               0x20004dcc   Data        1024  iap_updata.o(.bss)
    S0_Rx_Buffer                             0x200051cc   Data        2048  w5500.o(.bss)
    S0_Tx_Buffer                             0x200059cc   Data        2048  w5500.o(.bss)
    S1_Rx_Buffer                             0x200061cc   Data        2048  w5500.o(.bss)
    S1_Tx_Buffer                             0x200069cc   Data        2048  w5500.o(.bss)
    S2_Rx_Buffer                             0x200071cc   Data         100  w5500.o(.bss)
    S2_Tx_Buffer                             0x20007230   Data         100  w5500.o(.bss)
    TcpClient_databuff                       0x20007294   Data        2048  rj45cmd.o(.bss)
    TcpServer_databuff                       0x20007a94   Data        2048  rj45cmd.o(.bss)
    UDPClient_databuff                       0x20008294   Data          50  rj45cmd.o(.bss)
    MenuShowBuf                              0x200082c6   Data         280  lcd_config.o(.bss)
    iapbuf                                   0x200083de   Data        2048  iap.o(.bss)
    __libspace_start                         0x20008be0   Data          96  libspace.o(.bss)
    __temporary_stack_top$libspace           0x20008c40   Data           0  libspace.o(.bss)



==============================================================================

Memory Map of the image

  Image Entry point : 0x08006131

  Load Region LR_IROM1 (Base: 0x08006000, Size: 0x00012c40, Max: 0x0001a000, ABSOLUTE, COMPRESSED[0x000119e0])

    Execution Region ER_IROM1 (Base: 0x08006000, Size: 0x00011454, Max: 0x0001a000, ABSOLUTE)

    Base Addr    Size         Type   Attr      Idx    E Section Name        Object

    0x08006000   0x00000130   Data   RO          760    RESET               startup_stm32f10x_hd.o
    0x08006130   0x00000008   Code   RO         1676  * !!!main             c_w.l(__main.o)
    0x08006138   0x00000034   Code   RO         1845    !!!scatter          c_w.l(__scatter.o)
    0x0800616c   0x0000005a   Code   RO         1843    !!dczerorl2         c_w.l(__dczerorl2.o)
    0x080061c6   0x00000002   PAD
    0x080061c8   0x0000001c   Code   RO         1847    !!handler_zi        c_w.l(__scatter_zi.o)
    0x080061e4   0x00000002   Code   RO         1720    .ARM.Collect$$libinit$$00000000  c_w.l(libinit.o)
    0x080061e6   0x00000000   Code   RO         1722    .ARM.Collect$$libinit$$00000002  c_w.l(libinit2.o)
    0x080061e6   0x00000000   Code   RO         1724    .ARM.Collect$$libinit$$00000004  c_w.l(libinit2.o)
    0x080061e6   0x00000000   Code   RO         1727    .ARM.Collect$$libinit$$0000000A  c_w.l(libinit2.o)
    0x080061e6   0x00000000   Code   RO         1729    .ARM.Collect$$libinit$$0000000C  c_w.l(libinit2.o)
    0x080061e6   0x00000000   Code   RO         1731    .ARM.Collect$$libinit$$0000000E  c_w.l(libinit2.o)
    0x080061e6   0x00000006   Code   RO         1732    .ARM.Collect$$libinit$$0000000F  c_w.l(libinit2.o)
    0x080061ec   0x00000000   Code   RO         1734    .ARM.Collect$$libinit$$00000011  c_w.l(libinit2.o)
    0x080061ec   0x0000000c   Code   RO         1735    .ARM.Collect$$libinit$$00000012  c_w.l(libinit2.o)
    0x080061f8   0x00000000   Code   RO         1736    .ARM.Collect$$libinit$$00000013  c_w.l(libinit2.o)
    0x080061f8   0x00000000   Code   RO         1738    .ARM.Collect$$libinit$$00000015  c_w.l(libinit2.o)
    0x080061f8   0x00000000   Code   RO         1740    .ARM.Collect$$libinit$$00000017  c_w.l(libinit2.o)
    0x080061f8   0x00000000   Code   RO         1742    .ARM.Collect$$libinit$$00000019  c_w.l(libinit2.o)
    0x080061f8   0x00000000   Code   RO         1744    .ARM.Collect$$libinit$$0000001B  c_w.l(libinit2.o)
    0x080061f8   0x00000000   Code   RO         1746    .ARM.Collect$$libinit$$0000001D  c_w.l(libinit2.o)
    0x080061f8   0x00000000   Code   RO         1748    .ARM.Collect$$libinit$$0000001F  c_w.l(libinit2.o)
    0x080061f8   0x00000000   Code   RO         1750    .ARM.Collect$$libinit$$00000021  c_w.l(libinit2.o)
    0x080061f8   0x00000000   Code   RO         1752    .ARM.Collect$$libinit$$00000023  c_w.l(libinit2.o)
    0x080061f8   0x00000000   Code   RO         1754    .ARM.Collect$$libinit$$00000025  c_w.l(libinit2.o)
    0x080061f8   0x00000000   Code   RO         1758    .ARM.Collect$$libinit$$0000002C  c_w.l(libinit2.o)
    0x080061f8   0x00000000   Code   RO         1760    .ARM.Collect$$libinit$$0000002E  c_w.l(libinit2.o)
    0x080061f8   0x00000000   Code   RO         1762    .ARM.Collect$$libinit$$00000030  c_w.l(libinit2.o)
    0x080061f8   0x00000000   Code   RO         1764    .ARM.Collect$$libinit$$00000032  c_w.l(libinit2.o)
    0x080061f8   0x00000002   Code   RO         1765    .ARM.Collect$$libinit$$00000033  c_w.l(libinit2.o)
    0x080061fa   0x00000002   Code   RO         1793    .ARM.Collect$$libshutdown$$00000000  c_w.l(libshutdown.o)
    0x080061fc   0x00000000   Code   RO         1802    .ARM.Collect$$libshutdown$$00000002  c_w.l(libshutdown2.o)
    0x080061fc   0x00000000   Code   RO         1804    .ARM.Collect$$libshutdown$$00000004  c_w.l(libshutdown2.o)
    0x080061fc   0x00000000   Code   RO         1807    .ARM.Collect$$libshutdown$$00000007  c_w.l(libshutdown2.o)
    0x080061fc   0x00000000   Code   RO         1810    .ARM.Collect$$libshutdown$$0000000A  c_w.l(libshutdown2.o)
    0x080061fc   0x00000000   Code   RO         1812    .ARM.Collect$$libshutdown$$0000000C  c_w.l(libshutdown2.o)
    0x080061fc   0x00000000   Code   RO         1815    .ARM.Collect$$libshutdown$$0000000F  c_w.l(libshutdown2.o)
    0x080061fc   0x00000002   Code   RO         1816    .ARM.Collect$$libshutdown$$00000010  c_w.l(libshutdown2.o)
    0x080061fe   0x00000000   Code   RO         1680    .ARM.Collect$$rtentry$$00000000  c_w.l(__rtentry.o)
    0x080061fe   0x00000000   Code   RO         1684    .ARM.Collect$$rtentry$$00000002  c_w.l(__rtentry2.o)
    0x080061fe   0x00000006   Code   RO         1696    .ARM.Collect$$rtentry$$00000004  c_w.l(__rtentry4.o)
    0x08006204   0x00000000   Code   RO         1686    .ARM.Collect$$rtentry$$00000009  c_w.l(__rtentry2.o)
    0x08006204   0x00000004   Code   RO         1687    .ARM.Collect$$rtentry$$0000000A  c_w.l(__rtentry2.o)
    0x08006208   0x00000000   Code   RO         1689    .ARM.Collect$$rtentry$$0000000C  c_w.l(__rtentry2.o)
    0x08006208   0x00000008   Code   RO         1690    .ARM.Collect$$rtentry$$0000000D  c_w.l(__rtentry2.o)
    0x08006210   0x00000002   Code   RO         1766    .ARM.Collect$$rtexit$$00000000  c_w.l(rtexit.o)
    0x08006212   0x00000000   Code   RO         1773    .ARM.Collect$$rtexit$$00000002  c_w.l(rtexit2.o)
    0x08006212   0x00000004   Code   RO         1774    .ARM.Collect$$rtexit$$00000003  c_w.l(rtexit2.o)
    0x08006216   0x00000006   Code   RO         1775    .ARM.Collect$$rtexit$$00000004  c_w.l(rtexit2.o)
    0x0800621c   0x00000006   Code   RO          709    .emb_text           sys.o
    0x08006222   0x00000002   PAD
    0x08006224   0x00000260   Code   RO            1    .text               main.o
    0x08006484   0x0000001a   Code   RO          329    .text               stm32f10x_it.o
    0x0800649e   0x00000002   PAD
    0x080064a0   0x000001e0   Code   RO          370    .text               system_stm32f10x.o
    0x08006680   0x00000034   Code   RO          391    .text               led.o
    0x080066b4   0x00000034   Code   RO          422    .text               beep.o
    0x080066e8   0x00000264   Code   RO          434    .text               timer.o
    0x0800694c   0x0000026c   Code   RO          455    .text               myiic.o
    0x08006bb8   0x00000058   Code   RO          467    .text               relay.o
    0x08006c10   0x000003d4   Code   RO          479    .text               w25qxx.o
    0x08006fe4   0x000000e0   Code   RO          498    .text               spi.o
    0x080070c4   0x0000002c   Code   RO          513    .text               wdg.o
    0x080070f0   0x00000034   Code   RO          537    .text               sysrest.o
    0x08007124   0x000001de   Code   RO          549    .text               24cxx.o
    0x08007302   0x00000002   PAD
    0x08007304   0x00000098   Code   RO          563    .text               rs485.o
    0x0800739c   0x00000220   Code   RO          577    .text               wg1.o
    0x080075bc   0x00000220   Code   RO          599    .text               wg2.o
    0x080077dc   0x000001de   Code   RO          618    .text               24cxx_2.o
    0x080079ba   0x00000002   PAD
    0x080079bc   0x0000026c   Code   RO          630    .text               myiic_2.o
    0x08007c28   0x0000096c   Code   RO          642    .text               ec20.o
    0x08008594   0x0000008c   Code   RO          665    .text               volume.o
    0x08008620   0x000001ec   Code   RO          680    .text               stmflash.o
    0x0800880c   0x000000d4   Code   RO          695    .text               delay.o
    0x080088e0   0x000003a0   Code   RO          726    .text               usart.o
    0x08008c80   0x00000040   Code   RO          761    .text               startup_stm32f10x_hd.o
    0x08008cc0   0x000000dc   Code   RO          765    .text               misc.o
    0x08008d9c   0x0000035c   Code   RO          777    .text               stm32f10x_gpio.o
    0x080090f8   0x000003a4   Code   RO          789    .text               stm32f10x_rcc.o
    0x0800949c   0x00000408   Code   RO          803    .text               stm32f10x_usart.o
    0x080098a4   0x00000e1a   Code   RO          815    .text               stm32f10x_tim.o
    0x0800a6be   0x00000002   PAD
    0x0800a6c0   0x0000011c   Code   RO          875    .text               stm32f10x_exti.o
    0x0800a7dc   0x000005bc   Code   RO          887    .text               stm32f10x_flash.o
    0x0800ad98   0x00000040   Code   RO          899    .text               stm32f10x_iwdg.o
    0x0800add8   0x0000030c   Code   RO          935    .text               stm32f10x_spi.o
    0x0800b0e4   0x00000130   Code   RO          959    .text               rc522_config.o
    0x0800b214   0x000006de   Code   RO          973    .text               rc522_function.o
    0x0800b8f2   0x00000002   PAD
    0x0800b8f4   0x0000041c   Code   RO          985    .text               ds1302.o
    0x0800bd10   0x000002c0   Code   RO         1003    .text               sysvar.o
    0x0800bfd0   0x000003e4   Code   RO         1027    .text               keyfun.o
    0x0800c3b4   0x00000410   Code   RO         1054    .text               syscomm.o
    0x0800c7c4   0x00001d4c   Code   RO         1072    .text               comcmd.o
    0x0800e510   0x000003f4   Code   RO         1096    .text               name.o
    0x0800e904   0x0000059c   Code   RO         1118    .text               cardprocess.o
    0x0800eea0   0x00000088   Code   RO         1137    .text               pass.o
    0x0800ef28   0x000000b0   Code   RO         1151    .text               default.o
    0x0800efd8   0x00000688   Code   RO         1169    .text               record.o
    0x0800f660   0x0000004c   Code   RO         1192    .text               mach.o
    0x0800f6ac   0x00000278   Code   RO         1230    .text               cardrw.o
    0x0800f924   0x000003ac   Code   RO         1248    .text               blackname.o
    0x0800fcd0   0x00000254   Code   RO         1266    .text               interval.o
    0x0800ff24   0x000001b0   Code   RO         1286    .text               ec20fun.o
    0x080100d4   0x00000250   Code   RO         1305    .text               qr_code.o
    0x08010324   0x00000180   Code   RO         1324    .text               speak.o
    0x080104a4   0x0000009c   Code   RO         1340    .text               heartbeat.o
    0x08010540   0x00000048   Code   RO         1372    .text               lcd12864_config.o
    0x08010588   0x0000035c   Code   RO         1392    .text               upload.o
    0x080108e4   0x0000033c   Code   RO         1411    .text               tm1650.o
    0x08010c20   0x00000148   Code   RO         1440    .text               consum_config.o
    0x08010d68   0x00000288   Code   RO         1460    .text               iap_updata.o
    0x08010ff0   0x00001378   Code   RO         1484    .text               menu.o
    0x08012368   0x00000238   Code   RO         1509    .text               menufun.o
    0x080125a0   0x00000b58   Code   RO         1527    .text               w5500.o
    0x080130f8   0x0000049c   Code   RO         1546    .text               w5500_config.o
    0x08013594   0x0000038c   Code   RO         1561    .text               rj45cmd.o
    0x08013920   0x000005e6   Code   RO         1581    .text               lcd_dis.o
    0x08013f06   0x00000002   PAD
    0x08013f08   0x00002c7c   Code   RO         1599    .text               lcd_config.o
    0x08016b84   0x000000ac   Code   RO         1623    .text               crc.o
    0x08016c30   0x00000094   Code   RO         1642    .text               iap.o
    0x08016cc4   0x00000002   Code   RO         1660    .text               c_w.l(use_no_semi_2.o)
    0x08016cc6   0x0000001e   Code   RO         1662    .text               c_w.l(toupper.o)
    0x08016ce4   0x00000024   Code   RO         1664    .text               c_w.l(strstr.o)
    0x08016d08   0x0000008a   Code   RO         1666    .text               c_w.l(rt_memcpy_v6.o)
    0x08016d92   0x00000064   Code   RO         1668    .text               c_w.l(rt_memcpy_w.o)
    0x08016df6   0x00000044   Code   RO         1670    .text               c_w.l(rt_memclr.o)
    0x08016e3a   0x0000004e   Code   RO         1672    .text               c_w.l(rt_memclr_w.o)
    0x08016e88   0x00000006   Code   RO         1674    .text               c_w.l(heapauxi.o)
    0x08016e8e   0x00000002   Code   RO         1678    .text               c_w.l(use_no_semi.o)
    0x08016e90   0x00000010   Code   RO         1681    .text               c_w.l(rt_ctype_table.o)
    0x08016ea0   0x00000008   Code   RO         1701    .text               c_w.l(rt_locale_intlibspace.o)
    0x08016ea8   0x00000008   Code   RO         1706    .text               c_w.l(libspace.o)
    0x08016eb0   0x0000004a   Code   RO         1709    .text               c_w.l(sys_stackheap_outer.o)
    0x08016efa   0x00000012   Code   RO         1711    .text               c_w.l(exit.o)
    0x08016f0c   0x00000080   Code   RO         1713    .text               c_w.l(strcmpv7m.o)
    0x08016f8c   0x0000002c   Code   RO         1704    locale$$code        c_w.l(lc_ctype_c.o)
    0x08016fb8   0x000000aa   Data   RO          644    .constdata          ec20.o
    0x08017062   0x00000002   PAD
    0x08017064   0x0000000a   Data   RO          666    .constdata          volume.o
    0x0801706e   0x00000002   PAD
    0x08017070   0x0000000e   Data   RO         1074    .constdata          comcmd.o
    0x0801707e   0x00000002   PAD
    0x08017080   0x00000004   Data   RO         1325    .constdata          speak.o
    0x08017084   0x00000004   Data   RO         1462    .constdata          iap_updata.o
    0x08017088   0x00000004   Data   RO         1563    .constdata          rj45cmd.o
    0x0801708c   0x00000098   Data   RO         1601    .constdata          lcd_config.o
    0x08017124   0x00000200   Data   RO         1624    .constdata          crc.o
    0x08017324   0x00000020   Data   RO         1841    Region$$Table       anon$$obj.o
    0x08017344   0x00000110   Data   RO         1703    locale$$data        c_w.l(lc_ctype_c.o)


    Execution Region RW_IRAM1 (Base: 0x20000000, Size: 0x00009240, Max: 0x0000c000, ABSOLUTE, COMPRESSED[0x0000058c])

    Base Addr    Size         Type   Attr      Idx    E Section Name        Object

    0x20000000   0x00000014   Data   RW          371    .data               system_stm32f10x.o
    0x20000014   0x00000006   Data   RW          435    .data               timer.o
    0x2000001a   0x00000002   PAD
    0x2000001c   0x0000000c   Data   RW          579    .data               wg1.o
    0x20000028   0x0000000c   Data   RW          601    .data               wg2.o
    0x20000034   0x00000042   Data   RW          645    .data               ec20.o
    0x20000076   0x00000004   Data   RW          696    .data               delay.o
    0x2000007a   0x00000002   PAD
    0x2000007c   0x0000000d   Data   RW          727    .data               usart.o
    0x20000089   0x00000014   Data   RW          790    .data               stm32f10x_rcc.o
    0x2000009d   0x00000003   PAD
    0x200000a0   0x00000014   Data   RW          986    .data               ds1302.o
    0x200000b4   0x00000050   Data   RW         1005    .data               sysvar.o
    0x20000104   0x00000014   Data   RW         1029    .data               keyfun.o
    0x20000118   0x00000047   Data   RW         1075    .data               comcmd.o
    0x2000015f   0x00000001   PAD
    0x20000160   0x00000028   Data   RW         1097    .data               name.o
    0x20000188   0x00000032   Data   RW         1120    .data               cardprocess.o
    0x200001ba   0x00000002   PAD
    0x200001bc   0x0000002f   Data   RW         1152    .data               default.o
    0x200001eb   0x00000001   PAD
    0x200001ec   0x0000003e   Data   RW         1171    .data               record.o
    0x2000022a   0x00000002   PAD
    0x2000022c   0x00000010   Data   RW         1193    .data               mach.o
    0x2000023c   0x000000b4   Data   RW         1231    .data               cardrw.o
    0x200002f0   0x00000020   Data   RW         1249    .data               blackname.o
    0x20000310   0x00000024   Data   RW         1268    .data               interval.o
    0x20000334   0x00000008   Data   RW         1288    .data               ec20fun.o
    0x2000033c   0x0000001c   Data   RW         1307    .data               qr_code.o
    0x20000358   0x00000008   Data   RW         1326    .data               speak.o
    0x20000360   0x0000000c   Data   RW         1341    .data               heartbeat.o
    0x2000036c   0x0000001c   Data   RW         1374    .data               lcd12864_config.o
    0x20000388   0x0000001f   Data   RW         1394    .data               upload.o
    0x200003a7   0x00000001   PAD
    0x200003a8   0x00000006   Data   RW         1412    .data               tm1650.o
    0x200003ae   0x00000002   PAD
    0x200003b0   0x0000001d   Data   RW         1442    .data               consum_config.o
    0x200003cd   0x00000003   PAD
    0x200003d0   0x00000018   Data   RW         1463    .data               iap_updata.o
    0x200003e8   0x00000990   Data   RW         1485    .data               menu.o
    0x20000d78   0x00000a17   Data   RW         1510    .data               menufun.o
    0x2000178f   0x00000032   Data   RW         1529    .data               w5500.o
    0x200017c1   0x00000003   PAD
    0x200017c4   0x0000000c   Data   RW         1547    .data               w5500_config.o
    0x200017d0   0x00000013   Data   RW         1602    .data               lcd_config.o
    0x200017e3   0x00000002   Data   RW         1625    .data               crc.o
    0x200017e5   0x00000003   PAD
    0x200017e8   0x00000004   Data   RW         1644    .data               iap.o
    0x200017ec   0x00001000   Zero   RW          480    .bss                w25qxx.o
    0x200027ec   0x00000012   Zero   RW          499    .bss                spi.o
    0x200027fe   0x00000022   Zero   RW          578    .bss                wg1.o
    0x20002820   0x00000022   Zero   RW          600    .bss                wg2.o
    0x20002842   0x00000a1c   Zero   RW          643    .bss                ec20.o
    0x2000325e   0x00000800   Zero   RW          681    .bss                stmflash.o
    0x20003a5e   0x00000016   Zero   RW         1004    .bss                sysvar.o
    0x20003a74   0x0000006a   Zero   RW         1028    .bss                keyfun.o
    0x20003ade   0x00001000   Zero   RW         1073    .bss                comcmd.o
    0x20004ade   0x00000040   Zero   RW         1119    .bss                cardprocess.o
    0x20004b1e   0x00000174   Zero   RW         1170    .bss                record.o
    0x20004c92   0x00000068   Zero   RW         1267    .bss                interval.o
    0x20004cfa   0x0000001b   Zero   RW         1287    .bss                ec20fun.o
    0x20004d15   0x00000046   Zero   RW         1306    .bss                qr_code.o
    0x20004d5b   0x00000010   Zero   RW         1373    .bss                lcd12864_config.o
    0x20004d6b   0x0000001e   Zero   RW         1393    .bss                upload.o
    0x20004d89   0x00000042   Zero   RW         1441    .bss                consum_config.o
    0x20004dcb   0x00000001   PAD
    0x20004dcc   0x00000400   Zero   RW         1461    .bss                iap_updata.o
    0x200051cc   0x000020c8   Zero   RW         1528    .bss                w5500.o
    0x20007294   0x00001032   Zero   RW         1562    .bss                rj45cmd.o
    0x200082c6   0x00000118   Zero   RW         1600    .bss                lcd_config.o
    0x200083de   0x00000800   Zero   RW         1643    .bss                iap.o
    0x20008bde   0x00000002   PAD
    0x20008be0   0x00000060   Zero   RW         1707    .bss                c_w.l(libspace.o)
    0x20008c40   0x00000200   Zero   RW          759    HEAP                startup_stm32f10x_hd.o
    0x20008e40   0x00000400   Zero   RW          758    STACK               startup_stm32f10x_hd.o


==============================================================================

Image component sizes


      Code (inc. data)   RO Data    RW Data    ZI Data      Debug   Object Name

       478          0          0          0          0       3363   24cxx.o
       478          0          0          0          0       3399   24cxx_2.o
        52          6          0          0          0        508   beep.o
       940         34          0         32          0       4397   blackname.o
      1436        228          0         50         64       3977   cardprocess.o
       632         74          0        180          0       3354   cardrw.o
      7500        646         14         71       4096      19880   comcmd.o
       328         34          0         29         66       3496   consum_config.o
       172         12        512          2          0       1519   crc.o
       176         46          0         47          0       1927   default.o
       212         18          0          4          0       1079   delay.o
      1052         24          0         20          0       3272   ds1302.o
      2412        226        170         66       2588       8932   ec20.o
       432         72          0          8         27       2249   ec20fun.o
       156         38          0         12          0       1491   heartbeat.o
       148         14          0          4       2048       1714   iap.o
       648         78          4         24       1024      18775   iap_updata.o
       596         54          0         36        104       3406   interval.o
       996         74          0         20        106       4115   keyfun.o
        72         18          0         28         16       1611   lcd12864_config.o
     11388       2460        152         19        280      10091   lcd_config.o
      1510          6          0          0          0       6362   lcd_dis.o
        52          6          0          0          0        503   led.o
        76          8          0         16          0       1270   mach.o
       608         40          0          0          0     291367   main.o
      4984        362          0       2448          0      11989   menu.o
       568         98          0       2583          0       3071   menufun.o
       220         22          0          0          0       1841   misc.o
       620         14          0          0          0       1904   myiic.o
       620         14          0          0          0       1944   myiic_2.o
      1012         42          0         40          0       4294   name.o
       136          8          0          0          0       1368   pass.o
       592         92          0         28         70       3006   qr_code.o
       304         20          0          0          0       1013   rc522_config.o
      1758         12          0          0          0       7164   rc522_function.o
      1672        226          0         62        372       6207   record.o
        88         10          0          0          0        537   relay.o
       908        106          4          0       4146       3933   rj45cmd.o
       152         14          0          0          0       1357   rs485.o
       384         16          4          8          0       2534   speak.o
       224         12          0          0         18       1337   spi.o
        64         26        304          0       1536        800   startup_stm32f10x_hd.o
       284         10          0          0          0       2295   stm32f10x_exti.o
      1468         34          0          0          0       8246   stm32f10x_flash.o
       860         38          0          0          0       5773   stm32f10x_gpio.o
        26          0          0          0          0       1198   stm32f10x_it.o
        64          6          0          0          0       1297   stm32f10x_iwdg.o
       932         36          0         20          0       8968   stm32f10x_rcc.o
       780         14          0          0          0       6654   stm32f10x_spi.o
      3610         88          0          0          0      22880   stm32f10x_tim.o
      1032         22          0          0          0       8496   stm32f10x_usart.o
       492          8          0          0       2048       3361   stmflash.o
         6          0          0          0          0        372   sys.o
      1040         36          0          0          0       7136   syscomm.o
        52          6          0          0          0        527   sysrest.o
       480         38          0         20          0       1799   system_stm32f10x.o
       704         82          0         80         22       4937   sysvar.o
       612         92          0          6          0       2145   timer.o
       828         54          0          6          0       3457   tm1650.o
       860         94          0         31         30       2285   upload.o
       928         70          0         13          0       4614   usart.o
       140         12         10          0          0       1140   volume.o
       980         16          0          0       4096       5097   w25qxx.o
      2904        120          0         50       8392      12355   w5500.o
      1180        122          0         12          0       4522   w5500_config.o
        44          0          0          0          0        682   wdg.o
       544         28          0         12         34       2507   wg1.o
       544         28          0         12         34       2507   wg2.o

    ----------------------------------------------------------------------
     68264       6364       1212       6124      31220     581606   Object Totals
         0          0         32          0          0          0   (incl. Generated)
        14          0          6         25          3          0   (incl. Padding)

    ----------------------------------------------------------------------

      Code (inc. data)   RO Data    RW Data    ZI Data      Debug   Library Member Name

        90          0          0          0          0          0   __dczerorl2.o
         8          0          0          0          0         68   __main.o
         0          0          0          0          0          0   __rtentry.o
        12          0          0          0          0          0   __rtentry2.o
         6          0          0          0          0          0   __rtentry4.o
        52          8          0          0          0          0   __scatter.o
        28          0          0          0          0          0   __scatter_zi.o
        18          0          0          0          0         80   exit.o
         6          0          0          0          0        152   heapauxi.o
        44         10        272          0          0         76   lc_ctype_c.o
         2          0          0          0          0          0   libinit.o
        20          0          0          0          0          0   libinit2.o
         2          0          0          0          0          0   libshutdown.o
         2          0          0          0          0          0   libshutdown2.o
         8          4          0          0         96         68   libspace.o
        16          4          0          0          0         76   rt_ctype_table.o
         8          4          0          0          0         68   rt_locale_intlibspace.o
        68          0          0          0          0         68   rt_memclr.o
        78          0          0          0          0         80   rt_memclr_w.o
       138          0          0          0          0         68   rt_memcpy_v6.o
       100          0          0          0          0         80   rt_memcpy_w.o
         2          0          0          0          0          0   rtexit.o
        10          0          0          0          0          0   rtexit2.o
       128          0          0          0          0         68   strcmpv7m.o
        36          0          0          0          0         80   strstr.o
        74          0          0          0          0         80   sys_stackheap_outer.o
        30          0          0          0          0         76   toupper.o
         2          0          0          0          0         68   use_no_semi.o
         2          0          0          0          0         68   use_no_semi_2.o

    ----------------------------------------------------------------------
       992         30        272          0         96       1324   Library Totals
         2          0          0          0          0          0   (incl. Padding)

    ----------------------------------------------------------------------

      Code (inc. data)   RO Data    RW Data    ZI Data      Debug   Library Name

       990         30        272          0         96       1324   c_w.l

    ----------------------------------------------------------------------
       992         30        272          0         96       1324   Library Totals

    ----------------------------------------------------------------------

==============================================================================


      Code (inc. data)   RO Data    RW Data    ZI Data      Debug   

     69256       6394       1484       6124      31316     576738   Grand Totals
     69256       6394       1484       1420      31316     576738   ELF Image Totals (compressed)
     69256       6394       1484       1420          0          0   ROM Totals

==============================================================================

    Total RO  Size (Code + RO Data)                70740 (  69.08kB)
    Total RW  Size (RW Data + ZI Data)             37440 (  36.56kB)
    Total ROM Size (Code + RO Data + RW Data)      72160 (  70.47kB)

==============================================================================

